#
# There is insufficient memory for the Java Runtime Environment to continue.
# Native memory allocation (malloc) failed to allocate 1912976 bytes for Chunk::new
# Possible reasons:
#   The system is out of physical RAM or swap space
#   The process is running with CompressedOops enabled, and the Java Heap may be blocking the growth of the native heap
# Possible solutions:
#   Reduce memory load on the system
#   Increase physical memory or swap space
#   Check if swap backing store is full
#   Decrease Java heap size (-Xmx/-Xms)
#   Decrease number of Java threads
#   Decrease Java thread stack sizes (-Xss)
#   Set larger code cache with -XX:ReservedCodeCacheSize=
#   JVM is running with Zero Based Compressed Oops mode in which the Java heap is
#     placed in the first 32GB address space. The Java Heap base address is the
#     maximum limit for the native heap growth. Please use -XX:HeapBaseMinAddress
#     to set the Java Heap base and to place the Java Heap above 32GB virtual address.
# This output file may be truncated or incomplete.
#
#  Out of Memory Error (arena.cpp:189), pid=17580, tid=9184
#
# JRE version: Java(TM) SE Runtime Environment (17.0.12+8) (build 17.0.12+8-LTS-286)
# Java VM: Java HotSpot(TM) 64-Bit Server VM (17.0.12+8-LTS-286, mixed mode, sharing, tiered, compressed oops, compressed class ptrs, g1 gc, windows-amd64)
# No core dump will be written. Minidumps are not enabled by default on client versions of Windows
#

---------------  S U M M A R Y ------------

Command Line: --add-opens=java.base/java.lang=ALL-UNNAMED --add-opens=java.base/java.lang.invoke=ALL-UNNAMED --add-opens=java.base/java.util=ALL-UNNAMED --add-opens=java.prefs/java.util.prefs=ALL-UNNAMED --add-exports=jdk.compiler/com.sun.tools.javac.api=ALL-UNNAMED --add-exports=jdk.compiler/com.sun.tools.javac.util=ALL-UNNAMED --add-opens=java.base/java.util=ALL-UNNAMED --add-opens=java.prefs/java.util.prefs=ALL-UNNAMED --add-opens=java.base/java.nio.charset=ALL-UNNAMED --add-opens=java.base/java.net=ALL-UNNAMED --add-opens=java.base/java.util.concurrent=ALL-UNNAMED --add-opens=java.base/java.util.concurrent.atomic=ALL-UNNAMED --add-opens=java.xml/javax.xml.namespace=ALL-UNNAMED --add-opens=java.base/java.time=ALL-UNNAMED -XX:MaxMetaspaceSize=4G -XX:ReservedCodeCacheSize=512m -XX:+HeapDumpOnOutOfMemoryError -Xmx8G -Dfile.encoding=UTF-8 -Duser.country=IN -Duser.language=en -Duser.variant -javaagent:C:\Users\mmich\.gradle\wrapper\dists\gradle-9.1.0-all\7wzd0jkjit61aq2p43wpjgij9\gradle-9.1.0\lib\agents\gradle-instrumentation-agent-9.1.0.jar org.gradle.launcher.daemon.bootstrap.GradleDaemon 9.1.0

Host: 13th Gen Intel(R) Core(TM) i5-1334U, 12 cores, 7G,  Windows 11 , 64 bit Build 26100 (10.0.26100.9168)
Time: Mon Aug 17 12:53:05 2026 India Standard Time elapsed time: 275.303199 seconds (0d 0h 4m 35s)

---------------  T H R E A D  ---------------

Current thread (0x000002587d2d5430):  JavaThread "C2 CompilerThread0" daemon [_thread_in_native, id=9184, stack(0x000000feae800000,0x000000feae900000)]


Current CompileTask:
C2: 275317 17229 % !   4       org.jetbrains.kotlin.cli.jvm.index.JvmDependenciesIndexImpl::traverseDirectoriesInPackage @ 209 (396 bytes)

Stack: [0x000000feae800000,0x000000feae900000]
Native frames: (J=compiled Java code, j=interpreted, Vv=VM code, C=native code)
V  [jvm.dll+0x67a04a]
V  [jvm.dll+0x7da4ed]
V  [jvm.dll+0x7dbe33]
V  [jvm.dll+0x7dc4a3]
V  [jvm.dll+0x24508f]
V  [jvm.dll+0xab773]
V  [jvm.dll+0xabd3c]
V  [jvm.dll+0x361b9f]
V  [jvm.dll+0x1ba45a]
V  [jvm.dll+0x216997]
V  [jvm.dll+0x215c6f]
V  [jvm.dll+0x1a2960]
V  [jvm.dll+0x22610b]
V  [jvm.dll+0x2242ab]
V  [jvm.dll+0x79075c]
V  [jvm.dll+0x78abea]
V  [jvm.dll+0x678f35]
C  [ucrtbase.dll+0x2cd30]
C  [KERNEL32.DLL+0x2ccb7]
C  [ntdll.dll+0xaad6c]


---------------  P R O C E S S  ---------------

Threads class SMR info:
_java_thread_list=0x00000258c861e5f0, length=190, elements={
0x00000258620c55c0, 0x000002587d2b83d0, 0x000002587d2b8f90, 0x000002587d2cf930,
0x000002587d2d02f0, 0x000002587d2d1cc0, 0x000002587d2d4690, 0x000002587d2d5430,
0x000002587d2d7ef0, 0x000002587d2d9810, 0x000002587d2a5f90, 0x00000258c51e0950,
0x00000258c5fb8270, 0x00000258c5cd04a0, 0x00000258c6e804a0, 0x00000258c6060f40,
0x00000258c6142af0, 0x00000258c6143f30, 0x00000258c6140780, 0x00000258c6143a20,
0x00000258c6140c90, 0x00000258c61425e0, 0x00000258c61411a0, 0x00000258c61420d0,
0x00000258c61416b0, 0x00000258c6141bc0, 0x00000258c6143000, 0x00000258c79ab4a0,
0x00000258c79abec0, 0x00000258c79ab9b0, 0x00000258c79ac3d0, 0x00000258c79ac8e0,
0x00000258c79ad300, 0x00000258c79ad810, 0x00000258c79aa060, 0x00000258c79add20,
0x00000258c79aa570, 0x00000258c79ae230, 0x00000258c79aaf90, 0x00000258c79b14d0,
0x00000258c79b19e0, 0x00000258c79b05a0, 0x00000258c79af160, 0x00000258c79af670,
0x00000258c79afb80, 0x00000258c79b0ab0, 0x00000258c5d389a0, 0x00000258c5d37560,
0x00000258c5d3a2f0, 0x00000258c5d38eb0, 0x00000258c5d393c0, 0x00000258c5d398d0,
0x00000258c5d3a800, 0x00000258c5d3ad10, 0x00000258c5d3b220, 0x00000258c5d37a70,
0x00000258c5d3daa0, 0x00000258c5d3dfb0, 0x00000258c5d3d080, 0x00000258c5d3bc40,
0x00000258c5d3e4c0, 0x00000258c5d3c660, 0x00000258c5d3d590, 0x00000258c5d3c150,
0x00000258c5d3eee0, 0x00000258c5d3e9d0, 0x00000258c5d3b730, 0x00000258c5d3cb70,
0x00000258c7780c10, 0x00000258c777edb0, 0x00000258c777d970, 0x00000258c7780700,
0x00000258c777f2c0, 0x00000258c777d460, 0x00000258c7781630, 0x00000258c777f7d0,
0x00000258c7781120, 0x00000258c777fce0, 0x00000258c777de80, 0x00000258c777e390,
0x00000258c7782050, 0x00000258c7783490, 0x00000258c77839a0, 0x00000258c7783eb0,
0x00000258c77843c0, 0x00000258c77848d0, 0x00000258c9234210, 0x00000258c9235140,
0x00000258c9235650, 0x00000258c9235b60, 0x00000258c9232dd0, 0x00000258c92323b0,
0x00000258c92328c0, 0x00000258c92337f0, 0x00000258c9233d00, 0x00000258c9234720,
0x00000258c9234c30, 0x00000258cac77900, 0x00000258cac79760, 0x00000258cac79250,
0x00000258cac78830, 0x00000258cac79c70, 0x00000258cac7a180, 0x00000258cac78d40,
0x00000258cac76ee0, 0x00000258cac773f0, 0x00000258cac77e10, 0x00000258cac78320,
0x00000258c972fe50, 0x00000258c972e500, 0x00000258c972f940, 0x00000258c97321c0,
0x00000258c9730360, 0x00000258c9730870, 0x00000258c9730d80, 0x00000258c9731cb0,
0x00000258c972f430, 0x00000258c9731290, 0x00000258c972ea10, 0x00000258c97317a0,
0x00000258c97326d0, 0x00000258c972ef20, 0x00000258c9732be0, 0x00000258c9733b10,
0x00000258c9735970, 0x00000258c9735e80, 0x00000258c97330f0, 0x00000258c9733600,
0x00000258c9735460, 0x00000258c5d39de0, 0x00000258c9734f50, 0x00000258c75af570,
0x00000258c75afa80, 0x00000258c75b18e0, 0x00000258c75b09b0, 0x00000258c75af060,
0x00000258c75b3230, 0x00000258c75b1df0, 0x00000258c75b2d20, 0x00000258c75b3740,
0x00000258c75aff90, 0x00000258c75b3c50, 0x00000258c75b4670, 0x00000258c75b4160,
0x00000258c75b0ec0, 0x00000258c75b4b80, 0x00000258c75b13d0, 0x00000258c75b5fc0,
0x00000258c75b5ab0, 0x00000258c75b5090, 0x00000258c75b55a0, 0x00000258c75b64d0,
0x00000258c64d2670, 0x00000258c64d2160, 0x00000258c64d0300, 0x00000258c64ceec0,
0x00000258c64d2b80, 0x00000258c64cfdf0, 0x00000258c64d3090, 0x00000258c64d1c50,
0x00000258c64d35a0, 0x00000258c64d1740, 0x00000258c64d3ab0, 0x00000258c64d3fc0,
0x00000258c64d0810, 0x00000258c64d44d0, 0x00000258c64d1230, 0x00000258cb6d0410,
0x00000258cb6d2780, 0x00000258cb6d1850, 0x00000258cb6d40d0, 0x00000258cb6d45e0,
0x00000258cb6d5510, 0x00000258cb6d5a20, 0x00000258cb6d5f30, 0x00000258cb6d6440,
0x00000258cb6d7370, 0x00000258cb6d6950, 0x00000258cb6d6e60, 0x00000258cb6d7880,
0x00000258caa81eb0, 0x00000258caa84730, 0x00000258caa83d10, 0x00000258caa819a0,
0x00000258caa84220, 0x00000258caa83800, 0x00000258caa82de0, 0x00000258caa80f80,
0x00000258caa832f0, 0x00000258caa823c0
}

Java Threads: ( => current thread )
  0x00000258620c55c0 JavaThread "main" [_thread_blocked, id=3116, stack(0x000000feadb00000,0x000000feadc00000)]
  0x000002587d2b83d0 JavaThread "Reference Handler" daemon [_thread_blocked, id=28436, stack(0x000000feae200000,0x000000feae300000)]
  0x000002587d2b8f90 JavaThread "Finalizer" daemon [_thread_blocked, id=26036, stack(0x000000feae300000,0x000000feae400000)]
  0x000002587d2cf930 JavaThread "Signal Dispatcher" daemon [_thread_blocked, id=30048, stack(0x000000feae400000,0x000000feae500000)]
  0x000002587d2d02f0 JavaThread "Attach Listener" daemon [_thread_blocked, id=29504, stack(0x000000feae500000,0x000000feae600000)]
  0x000002587d2d1cc0 JavaThread "Service Thread" daemon [_thread_blocked, id=22452, stack(0x000000feae600000,0x000000feae700000)]
  0x000002587d2d4690 JavaThread "Monitor Deflation Thread" daemon [_thread_blocked, id=24512, stack(0x000000feae700000,0x000000feae800000)]
=>0x000002587d2d5430 JavaThread "C2 CompilerThread0" daemon [_thread_in_native, id=9184, stack(0x000000feae800000,0x000000feae900000)]
  0x000002587d2d7ef0 JavaThread "C1 CompilerThread0" daemon [_thread_blocked, id=28876, stack(0x000000feae900000,0x000000feaea00000)]
  0x000002587d2d9810 JavaThread "Sweeper thread" daemon [_thread_blocked, id=24824, stack(0x000000feaea00000,0x000000feaeb00000)]
  0x000002587d2a5f90 JavaThread "Common-Cleaner" daemon [_thread_blocked, id=23392, stack(0x000000feaeb00000,0x000000feaec00000)]
  0x00000258c51e0950 JavaThread "Notification Thread" daemon [_thread_blocked, id=29228, stack(0x000000feaec00000,0x000000feaed00000)]
  0x00000258c5fb8270 JavaThread "Daemon health stats" [_thread_blocked, id=18004, stack(0x000000feaf200000,0x000000feaf300000)]
  0x00000258c5cd04a0 JavaThread "Incoming local TCP Connector on port 64648" [_thread_in_native, id=29920, stack(0x000000feaf300000,0x000000feaf400000)]
  0x00000258c6e804a0 JavaThread "Daemon periodic checks" [_thread_blocked, id=26308, stack(0x000000feaf400000,0x000000feaf500000)]
  0x00000258c6060f40 JavaThread "Daemon" [_thread_blocked, id=26436, stack(0x000000feaf500000,0x000000feaf600000)]
  0x00000258c6142af0 JavaThread "Handler for socket connection from /127.0.0.1:64648 to /127.0.0.1:64649" [_thread_in_native, id=29400, stack(0x000000feaf600000,0x000000feaf700000)]
  0x00000258c6143f30 JavaThread "Cancel handler" [_thread_blocked, id=29200, stack(0x000000feaf700000,0x000000feaf800000)]
  0x00000258c6140780 JavaThread "Daemon worker" [_thread_in_vm, id=28952, stack(0x000000feaf800000,0x000000feaf900000)]
  0x00000258c6143a20 JavaThread "Asynchronous log dispatcher for DefaultDaemonConnection: socket connection from /127.0.0.1:64648 to /127.0.0.1:64649" [_thread_blocked, id=29684, stack(0x000000feaf900000,0x000000feafa00000)]
  0x00000258c6140c90 JavaThread "Stdin handler" [_thread_blocked, id=28980, stack(0x000000feafa00000,0x000000feafb00000)]
  0x00000258c61425e0 JavaThread "Daemon client event forwarder" [_thread_blocked, id=27076, stack(0x000000feafb00000,0x000000feafc00000)]
  0x00000258c61411a0 JavaThread "Cache worker for journal cache (C:\Users\mmich\.gradle\caches\journal-1)" [_thread_blocked, id=29580, stack(0x000000feafc00000,0x000000feafd00000)]
  0x00000258c61420d0 JavaThread "File lock request listener" [_thread_in_native, id=30064, stack(0x000000feafd00000,0x000000feafe00000)]
  0x00000258c61416b0 JavaThread "Cache worker for file hash cache (C:\Users\mmich\.gradle\caches\9.1.0\fileHashes)" [_thread_blocked, id=22632, stack(0x000000feafe00000,0x000000feaff00000)]
  0x00000258c6141bc0 JavaThread "Cache worker for file hash cache (C:\Users\mmich\OneDrive\Documents\coding\GD\Go-digital- software\client-repository\frontend\admin_web\android\.gradle\9.1.0\fileHashes)" [_thread_blocked, id=28996, stack(0x000000feb0600000,0x000000feb0700000)]
  0x00000258c6143000 JavaThread "Cache worker for Build Output Cleanup Cache (C:\Users\mmich\OneDrive\Documents\coding\GD\Go-digital- software\client-repository\frontend\admin_web\android\.gradle\buildOutputCleanup)" [_thread_blocked, id=30264, stack(0x000000feb0700000,0x000000feb0800000)]
  0x00000258c79ab4a0 JavaThread "File watcher server" daemon [_thread_in_native, id=26880, stack(0x000000feb0800000,0x000000feb0900000)]
  0x00000258c79abec0 JavaThread "File watcher consumer" daemon [_thread_blocked, id=3348, stack(0x000000feb0900000,0x000000feb0a00000)]
  0x00000258c79ab9b0 JavaThread "jar transforms" [_thread_blocked, id=29408, stack(0x000000feb0a00000,0x000000feb0b00000)]
  0x00000258c79ac3d0 JavaThread "jar transforms Thread 2" [_thread_blocked, id=29288, stack(0x000000feb0b00000,0x000000feb0c00000)]
  0x00000258c79ac8e0 JavaThread "jar transforms Thread 3" [_thread_blocked, id=27768, stack(0x000000feb0c00000,0x000000feb0d00000)]
  0x00000258c79ad300 JavaThread "Cache worker for checksums cache (C:\Users\mmich\OneDrive\Documents\coding\GD\Go-digital- software\client-repository\frontend\admin_web\android\.gradle\9.1.0\checksums)" [_thread_blocked, id=6480, stack(0x000000feb0d00000,0x000000feb0e00000)]
  0x00000258c79ad810 JavaThread "Cache worker for file content cache (C:\Users\mmich\.gradle\caches\9.1.0\fileContent)" [_thread_blocked, id=27992, stack(0x000000feb0e00000,0x000000feb0f00000)]
  0x00000258c79aa060 JavaThread "Cache worker for cache directory md-supplier (C:\Users\mmich\.gradle\caches\9.1.0\md-supplier)" [_thread_blocked, id=29316, stack(0x000000feb0f00000,0x000000feb1000000)]
  0x00000258c79add20 JavaThread "Cache worker for cache directory md-rule (C:\Users\mmich\.gradle\caches\9.1.0\md-rule)" [_thread_blocked, id=29564, stack(0x000000feb1000000,0x000000feb1100000)]
  0x00000258c79aa570 JavaThread "jar transforms Thread 4" [_thread_blocked, id=26796, stack(0x000000feb1100000,0x000000feb1200000)]
  0x00000258c79ae230 JavaThread "jar transforms Thread 5" [_thread_blocked, id=29952, stack(0x000000feb1200000,0x000000feb1300000)]
  0x00000258c79aaf90 JavaThread "jar transforms Thread 6" [_thread_blocked, id=29600, stack(0x000000feb1300000,0x000000feb1400000)]
  0x00000258c79b14d0 JavaThread "jar transforms Thread 7" [_thread_blocked, id=28480, stack(0x000000feb1400000,0x000000feb1500000)]
  0x00000258c79b19e0 JavaThread "jar transforms Thread 8" [_thread_blocked, id=29592, stack(0x000000feb1500000,0x000000feb1600000)]
  0x00000258c79b05a0 JavaThread "jar transforms Thread 9" [_thread_blocked, id=29980, stack(0x000000feb1600000,0x000000feb1700000)]
  0x00000258c79af160 JavaThread "jar transforms Thread 10" [_thread_blocked, id=12324, stack(0x000000feb1700000,0x000000feb1800000)]
  0x00000258c79af670 JavaThread "jar transforms Thread 11" [_thread_blocked, id=29928, stack(0x000000feb1800000,0x000000feb1900000)]
  0x00000258c79afb80 JavaThread "jar transforms Thread 12" [_thread_blocked, id=28464, stack(0x000000feb1900000,0x000000feb1a00000)]
  0x00000258c79b0ab0 JavaThread "Cache worker for Build Output Cleanup Cache (C:\Development\flutter\packages\flutter_tools\gradle\.gradle\buildOutputCleanup)" [_thread_blocked, id=29832, stack(0x000000feb1a00000,0x000000feb1b00000)]
  0x00000258c5d389a0 JavaThread "Unconstrained build operations" [_thread_blocked, id=29044, stack(0x000000feb1e00000,0x000000feb1f00000)]
  0x00000258c5d37560 JavaThread "Unconstrained build operations Thread 2" [_thread_blocked, id=16060, stack(0x000000feb1f00000,0x000000feb2000000)]
  0x00000258c5d3a2f0 JavaThread "Unconstrained build operations Thread 3" [_thread_blocked, id=28312, stack(0x000000feb2000000,0x000000feb2100000)]
  0x00000258c5d38eb0 JavaThread "Unconstrained build operations Thread 4" [_thread_blocked, id=30572, stack(0x000000feb2100000,0x000000feb2200000)]
  0x00000258c5d393c0 JavaThread "Unconstrained build operations Thread 5" [_thread_blocked, id=6764, stack(0x000000feb2200000,0x000000feb2300000)]
  0x00000258c5d398d0 JavaThread "Unconstrained build operations Thread 6" [_thread_blocked, id=22352, stack(0x000000feb2300000,0x000000feb2400000)]
  0x00000258c5d3a800 JavaThread "Unconstrained build operations Thread 7" [_thread_blocked, id=25336, stack(0x000000feb2400000,0x000000feb2500000)]
  0x00000258c5d3ad10 JavaThread "Unconstrained build operations Thread 8" [_thread_blocked, id=30340, stack(0x000000feb2500000,0x000000feb2600000)]
  0x00000258c5d3b220 JavaThread "Unconstrained build operations Thread 9" [_thread_blocked, id=30416, stack(0x000000feb2600000,0x000000feb2700000)]
  0x00000258c5d37a70 JavaThread "Unconstrained build operations Thread 10" [_thread_blocked, id=28748, stack(0x000000feb2700000,0x000000feb2800000)]
  0x00000258c5d3daa0 JavaThread "Unconstrained build operations Thread 11" [_thread_blocked, id=29376, stack(0x000000feb2800000,0x000000feb2900000)]
  0x00000258c5d3dfb0 JavaThread "Unconstrained build operations Thread 12" [_thread_blocked, id=14180, stack(0x000000feb2900000,0x000000feb2a00000)]
  0x00000258c5d3d080 JavaThread "Unconstrained build operations Thread 13" [_thread_blocked, id=18220, stack(0x000000feb2a00000,0x000000feb2b00000)]
  0x00000258c5d3bc40 JavaThread "Unconstrained build operations Thread 14" [_thread_blocked, id=27644, stack(0x000000feb2b00000,0x000000feb2c00000)]
  0x00000258c5d3e4c0 JavaThread "Unconstrained build operations Thread 15" [_thread_blocked, id=11728, stack(0x000000feb2c00000,0x000000feb2d00000)]
  0x00000258c5d3c660 JavaThread "Unconstrained build operations Thread 16" [_thread_blocked, id=25932, stack(0x000000feb2d00000,0x000000feb2e00000)]
  0x00000258c5d3d590 JavaThread "Unconstrained build operations Thread 17" [_thread_blocked, id=9676, stack(0x000000feb2e00000,0x000000feb2f00000)]
  0x00000258c5d3c150 JavaThread "Unconstrained build operations Thread 18" [_thread_blocked, id=25760, stack(0x000000feb2f00000,0x000000feb3000000)]
  0x00000258c5d3eee0 JavaThread "Unconstrained build operations Thread 19" [_thread_blocked, id=28596, stack(0x000000feb3000000,0x000000feb3100000)]
  0x00000258c5d3e9d0 JavaThread "Unconstrained build operations Thread 20" [_thread_blocked, id=28708, stack(0x000000feb3100000,0x000000feb3200000)]
  0x00000258c5d3b730 JavaThread "Unconstrained build operations Thread 21" [_thread_blocked, id=29568, stack(0x000000feb3200000,0x000000feb3300000)]
  0x00000258c5d3cb70 JavaThread "Unconstrained build operations Thread 22" [_thread_blocked, id=29464, stack(0x000000feb3300000,0x000000feb3400000)]
  0x00000258c7780c10 JavaThread "Unconstrained build operations Thread 23" [_thread_blocked, id=29432, stack(0x000000feb3400000,0x000000feb3500000)]
  0x00000258c777edb0 JavaThread "Unconstrained build operations Thread 24" [_thread_blocked, id=29716, stack(0x000000feb3500000,0x000000feb3600000)]
  0x00000258c777d970 JavaThread "Unconstrained build operations Thread 25" [_thread_blocked, id=30160, stack(0x000000feb3600000,0x000000feb3700000)]
  0x00000258c7780700 JavaThread "Unconstrained build operations Thread 26" [_thread_blocked, id=11328, stack(0x000000feb3700000,0x000000feb3800000)]
  0x00000258c777f2c0 JavaThread "Unconstrained build operations Thread 27" [_thread_blocked, id=28028, stack(0x000000feb3800000,0x000000feb3900000)]
  0x00000258c777d460 JavaThread "Unconstrained build operations Thread 28" [_thread_blocked, id=30032, stack(0x000000feb3900000,0x000000feb3a00000)]
  0x00000258c7781630 JavaThread "Unconstrained build operations Thread 29" [_thread_blocked, id=29724, stack(0x000000feb3a00000,0x000000feb3b00000)]
  0x00000258c777f7d0 JavaThread "Unconstrained build operations Thread 30" [_thread_blocked, id=20252, stack(0x000000feb3b00000,0x000000feb3c00000)]
  0x00000258c7781120 JavaThread "Unconstrained build operations Thread 31" [_thread_blocked, id=21064, stack(0x000000feb3c00000,0x000000feb3d00000)]
  0x00000258c777fce0 JavaThread "Unconstrained build operations Thread 32" [_thread_blocked, id=21616, stack(0x000000feb3d00000,0x000000feb3e00000)]
  0x00000258c777de80 JavaThread "Unconstrained build operations Thread 33" [_thread_blocked, id=29708, stack(0x000000feb3e00000,0x000000feb3f00000)]
  0x00000258c777e390 JavaThread "Memory manager" [_thread_blocked, id=29412, stack(0x000000feb3f00000,0x000000feb4000000)]
  0x00000258c7782050 JavaThread "build event listener" [_thread_blocked, id=29448, stack(0x000000fead900000,0x000000feada00000)]
  0x00000258c7783490 JavaThread "Execution worker" [_thread_blocked, id=4392, stack(0x000000feb4000000,0x000000feb4100000)]
  0x00000258c77839a0 JavaThread "Execution worker Thread 2" [_thread_blocked, id=25568, stack(0x000000feb4100000,0x000000feb4200000)]
  0x00000258c7783eb0 JavaThread "Execution worker Thread 3" [_thread_blocked, id=16104, stack(0x000000feb4200000,0x000000feb4300000)]
  0x00000258c77843c0 JavaThread "Execution worker Thread 4" [_thread_blocked, id=26064, stack(0x000000feb4300000,0x000000feb4400000)]
  0x00000258c77848d0 JavaThread "Execution worker Thread 5" [_thread_blocked, id=30244, stack(0x000000feb4400000,0x000000feb4500000)]
  0x00000258c9234210 JavaThread "Execution worker Thread 6" [_thread_blocked, id=28224, stack(0x000000feb4500000,0x000000feb4600000)]
  0x00000258c9235140 JavaThread "Execution worker Thread 7" [_thread_blocked, id=29084, stack(0x000000feb4600000,0x000000feb4700000)]
  0x00000258c9235650 JavaThread "Execution worker Thread 8" [_thread_blocked, id=28684, stack(0x000000feb4700000,0x000000feb4800000)]
  0x00000258c9235b60 JavaThread "Execution worker Thread 9" [_thread_blocked, id=29748, stack(0x000000feb4800000,0x000000feb4900000)]
  0x00000258c9232dd0 JavaThread "Execution worker Thread 10" [_thread_blocked, id=29124, stack(0x000000feb4900000,0x000000feb4a00000)]
  0x00000258c92323b0 JavaThread "Execution worker Thread 11" [_thread_blocked, id=468, stack(0x000000feb4a00000,0x000000feb4b00000)]
  0x00000258c92328c0 JavaThread "Cache worker for execution history cache (C:\Development\flutter\packages\flutter_tools\gradle\.gradle\9.1.0\executionHistory)" [_thread_blocked, id=26544, stack(0x000000fead800000,0x000000fead900000)]
  0x00000258c92337f0 JavaThread "Unconstrained build operations Thread 34" [_thread_blocked, id=29404, stack(0x000000feb4b00000,0x000000feb4c00000)]
  0x00000258c9233d00 JavaThread "Unconstrained build operations Thread 35" [_thread_blocked, id=29328, stack(0x000000feb4c00000,0x000000feb4d00000)]
  0x00000258c9234720 JavaThread "Unconstrained build operations Thread 36" [_thread_blocked, id=25732, stack(0x000000feb4d00000,0x000000feb4e00000)]
  0x00000258c9234c30 JavaThread "Unconstrained build operations Thread 37" [_thread_blocked, id=3764, stack(0x000000feb4e00000,0x000000feb4f00000)]
  0x00000258cac77900 JavaThread "Unconstrained build operations Thread 38" [_thread_blocked, id=21224, stack(0x000000feb4f00000,0x000000feb5000000)]
  0x00000258cac79760 JavaThread "Unconstrained build operations Thread 39" [_thread_blocked, id=22156, stack(0x000000feb5000000,0x000000feb5100000)]
  0x00000258cac79250 JavaThread "Unconstrained build operations Thread 40" [_thread_blocked, id=9428, stack(0x000000feb5100000,0x000000feb5200000)]
  0x00000258cac78830 JavaThread "Unconstrained build operations Thread 41" [_thread_blocked, id=28908, stack(0x000000feb5200000,0x000000feb5300000)]
  0x00000258cac79c70 JavaThread "Unconstrained build operations Thread 42" [_thread_blocked, id=13448, stack(0x000000feb5300000,0x000000feb5400000)]
  0x00000258cac7a180 JavaThread "Unconstrained build operations Thread 43" [_thread_blocked, id=28932, stack(0x000000feb5400000,0x000000feb5500000)]
  0x00000258cac78d40 JavaThread "Unconstrained build operations Thread 44" [_thread_blocked, id=28300, stack(0x000000feb5500000,0x000000feb5600000)]
  0x00000258cac76ee0 JavaThread "Unconstrained build operations Thread 45" [_thread_blocked, id=28556, stack(0x000000feb5700000,0x000000feb5800000)]
  0x00000258cac773f0 JavaThread "Unconstrained build operations Thread 46" [_thread_blocked, id=27976, stack(0x000000feb5800000,0x000000feb5900000)]
  0x00000258cac77e10 JavaThread "Unconstrained build operations Thread 47" [_thread_blocked, id=8108, stack(0x000000feb5900000,0x000000feb5a00000)]
  0x00000258cac78320 JavaThread "Unconstrained build operations Thread 48" [_thread_blocked, id=14744, stack(0x000000feb5a00000,0x000000feb5b00000)]
  0x00000258c972fe50 JavaThread "Unconstrained build operations Thread 49" [_thread_blocked, id=24048, stack(0x000000feb5b00000,0x000000feb5c00000)]
  0x00000258c972e500 JavaThread "Unconstrained build operations Thread 50" [_thread_blocked, id=27460, stack(0x000000feb5c00000,0x000000feb5d00000)]
  0x00000258c972f940 JavaThread "Unconstrained build operations Thread 51" [_thread_blocked, id=29440, stack(0x000000feb5d00000,0x000000feb5e00000)]
  0x00000258c97321c0 JavaThread "Unconstrained build operations Thread 52" [_thread_blocked, id=30376, stack(0x000000feb5e00000,0x000000feb5f00000)]
  0x00000258c9730360 JavaThread "Unconstrained build operations Thread 53" [_thread_blocked, id=29780, stack(0x000000feb5f00000,0x000000feb6000000)]
  0x00000258c9730870 JavaThread "Unconstrained build operations Thread 54" [_thread_blocked, id=29284, stack(0x000000feb6000000,0x000000feb6100000)]
  0x00000258c9730d80 JavaThread "Unconstrained build operations Thread 55" [_thread_blocked, id=24972, stack(0x000000feb6100000,0x000000feb6200000)]
  0x00000258c9731cb0 JavaThread "Unconstrained build operations Thread 56" [_thread_blocked, id=12064, stack(0x000000feb6200000,0x000000feb6300000)]
  0x00000258c972f430 JavaThread "Unconstrained build operations Thread 57" [_thread_blocked, id=12160, stack(0x000000feb6300000,0x000000feb6400000)]
  0x00000258c9731290 JavaThread "Unconstrained build operations Thread 58" [_thread_blocked, id=3316, stack(0x000000feb6400000,0x000000feb6500000)]
  0x00000258c972ea10 JavaThread "Unconstrained build operations Thread 59" [_thread_blocked, id=13024, stack(0x000000feb6500000,0x000000feb6600000)]
  0x00000258c97317a0 JavaThread "Unconstrained build operations Thread 60" [_thread_blocked, id=28704, stack(0x000000feb6600000,0x000000feb6700000)]
  0x00000258c97326d0 JavaThread "Unconstrained build operations Thread 61" [_thread_blocked, id=12504, stack(0x000000feb6700000,0x000000feb6800000)]
  0x00000258c972ef20 JavaThread "Unconstrained build operations Thread 62" [_thread_blocked, id=29468, stack(0x000000feb6800000,0x000000feb6900000)]
  0x00000258c9732be0 JavaThread "Unconstrained build operations Thread 63" [_thread_blocked, id=18584, stack(0x000000feb6900000,0x000000feb6a00000)]
  0x00000258c9733b10 JavaThread "Unconstrained build operations Thread 64" [_thread_blocked, id=29004, stack(0x000000feb6a00000,0x000000feb6b00000)]
  0x00000258c9735970 JavaThread "Unconstrained build operations Thread 65" [_thread_blocked, id=21800, stack(0x000000feb6b00000,0x000000feb6c00000)]
  0x00000258c9735e80 JavaThread "Unconstrained build operations Thread 66" [_thread_blocked, id=21484, stack(0x000000feb6c00000,0x000000feb6d00000)]
  0x00000258c97330f0 JavaThread "Unconstrained build operations Thread 67" [_thread_blocked, id=23444, stack(0x000000feb6d00000,0x000000feb6e00000)]
  0x00000258c9733600 JavaThread "Unconstrained build operations Thread 68" [_thread_blocked, id=30516, stack(0x000000feb6e00000,0x000000feb6f00000)]
  0x00000258c9735460 JavaThread "WorkerExecutor Queue" [_thread_blocked, id=28912, stack(0x000000feb5600000,0x000000feb5700000)]
  0x00000258c5d39de0 JavaThread "RMI Scheduler(0)" daemon [_thread_blocked, id=23264, stack(0x000000feb6f00000,0x000000feb7000000)]
  0x00000258c9734f50 JavaThread "RMI RenewClean-[127.0.0.1:17307,org.jetbrains.kotlin.daemon.common.LoopbackNetworkInterface$ClientLoopbackSocketFactory@5e11ed16]" daemon [_thread_blocked, id=26052, stack(0x000000feb7000000,0x000000feb7100000)]
  0x00000258c75af570 JavaThread "RMI GC Daemon" daemon [_thread_blocked, id=30292, stack(0x000000feb7100000,0x000000feb7200000)]
  0x00000258c75afa80 JavaThread "RMI TCP Accept-0" daemon [_thread_in_native, id=29824, stack(0x000000feb7200000,0x000000feb7300000)]
  0x00000258c75b18e0 JavaThread "RMI Reaper" [_thread_blocked, id=4496, stack(0x000000feb7300000,0x000000feb7400000)]
  0x00000258c75b09b0 JavaThread "Unconstrained build operations Thread 69" [_thread_blocked, id=18192, stack(0x000000feb7500000,0x000000feb7600000)]
  0x00000258c75af060 JavaThread "Unconstrained build operations Thread 70" [_thread_blocked, id=24212, stack(0x000000feb7700000,0x000000feb7800000)]
  0x00000258c75b3230 JavaThread "Unconstrained build operations Thread 71" [_thread_blocked, id=29480, stack(0x000000feb7800000,0x000000feb7900000)]
  0x00000258c75b1df0 JavaThread "Unconstrained build operations Thread 72" [_thread_blocked, id=29608, stack(0x000000feb7900000,0x000000feb7a00000)]
  0x00000258c75b2d20 JavaThread "Unconstrained build operations Thread 73" [_thread_blocked, id=27708, stack(0x000000feb7a00000,0x000000feb7b00000)]
  0x00000258c75b3740 JavaThread "Unconstrained build operations Thread 74" [_thread_blocked, id=11748, stack(0x000000feb7b00000,0x000000feb7c00000)]
  0x00000258c75aff90 JavaThread "Unconstrained build operations Thread 75" [_thread_blocked, id=25332, stack(0x000000feb7c00000,0x000000feb7d00000)]
  0x00000258c75b3c50 JavaThread "Unconstrained build operations Thread 76" [_thread_blocked, id=29864, stack(0x000000feb7d00000,0x000000feb7e00000)]
  0x00000258c75b4670 JavaThread "Unconstrained build operations Thread 77" [_thread_blocked, id=28136, stack(0x000000feb7e00000,0x000000feb7f00000)]
  0x00000258c75b4160 JavaThread "Unconstrained build operations Thread 78" [_thread_blocked, id=26360, stack(0x000000feb7f00000,0x000000feb8000000)]
  0x00000258c75b0ec0 JavaThread "Unconstrained build operations Thread 79" [_thread_blocked, id=20148, stack(0x000000feb8000000,0x000000feb8100000)]
  0x00000258c75b4b80 JavaThread "Unconstrained build operations Thread 80" [_thread_blocked, id=4996, stack(0x000000feb8100000,0x000000feb8200000)]
  0x00000258c75b13d0 JavaThread "Unconstrained build operations Thread 81" [_thread_blocked, id=29492, stack(0x000000feb8200000,0x000000feb8300000)]
  0x00000258c75b5fc0 JavaThread "Unconstrained build operations Thread 82" [_thread_blocked, id=25296, stack(0x000000feb8300000,0x000000feb8400000)]
  0x00000258c75b5ab0 JavaThread "Unconstrained build operations Thread 83" [_thread_blocked, id=28452, stack(0x000000feb8400000,0x000000feb8500000)]
  0x00000258c75b5090 JavaThread "Unconstrained build operations Thread 84" [_thread_blocked, id=26896, stack(0x000000feb8500000,0x000000feb8600000)]
  0x00000258c75b55a0 JavaThread "Unconstrained build operations Thread 85" [_thread_blocked, id=27420, stack(0x000000feb8600000,0x000000feb8700000)]
  0x00000258c75b64d0 JavaThread "Unconstrained build operations Thread 86" [_thread_blocked, id=28972, stack(0x000000feb8700000,0x000000feb8800000)]
  0x00000258c64d2670 JavaThread "Unconstrained build operations Thread 87" [_thread_blocked, id=29792, stack(0x000000feb8800000,0x000000feb8900000)]
  0x00000258c64d2160 JavaThread "Unconstrained build operations Thread 88" [_thread_blocked, id=10668, stack(0x000000feb8900000,0x000000feb8a00000)]
  0x00000258c64d0300 JavaThread "Unconstrained build operations Thread 89" [_thread_blocked, id=28280, stack(0x000000feb8a00000,0x000000feb8b00000)]
  0x00000258c64ceec0 JavaThread "Unconstrained build operations Thread 90" [_thread_blocked, id=23548, stack(0x000000feb8b00000,0x000000feb8c00000)]
  0x00000258c64d2b80 JavaThread "Unconstrained build operations Thread 91" [_thread_blocked, id=10688, stack(0x000000feb8c00000,0x000000feb8d00000)]
  0x00000258c64cfdf0 JavaThread "Unconstrained build operations Thread 92" [_thread_blocked, id=24644, stack(0x000000feb8d00000,0x000000feb8e00000)]
  0x00000258c64d3090 JavaThread "Unconstrained build operations Thread 93" [_thread_blocked, id=13640, stack(0x000000feb8e00000,0x000000feb8f00000)]
  0x00000258c64d1c50 JavaThread "Unconstrained build operations Thread 94" [_thread_blocked, id=27480, stack(0x000000feb8f00000,0x000000feb9000000)]
  0x00000258c64d35a0 JavaThread "Unconstrained build operations Thread 95" [_thread_blocked, id=28380, stack(0x000000feb9000000,0x000000feb9100000)]
  0x00000258c64d1740 JavaThread "Unconstrained build operations Thread 96" [_thread_blocked, id=24580, stack(0x000000feb9100000,0x000000feb9200000)]
  0x00000258c64d3ab0 JavaThread "Unconstrained build operations Thread 97" [_thread_blocked, id=28924, stack(0x000000feb9200000,0x000000feb9300000)]
  0x00000258c64d3fc0 JavaThread "Unconstrained build operations Thread 98" [_thread_blocked, id=30480, stack(0x000000feb9300000,0x000000feb9400000)]
  0x00000258c64d0810 JavaThread "Unconstrained build operations Thread 99" [_thread_blocked, id=28200, stack(0x000000feb9400000,0x000000feb9500000)]
  0x00000258c64d44d0 JavaThread "Unconstrained build operations Thread 100" [_thread_blocked, id=26696, stack(0x000000feb9500000,0x000000feb9600000)]
  0x00000258c64d1230 JavaThread "Unconstrained build operations Thread 101" [_thread_blocked, id=29852, stack(0x000000feb9600000,0x000000feb9700000)]
  0x00000258cb6d0410 JavaThread "build event listener" [_thread_blocked, id=17680, stack(0x000000feb9800000,0x000000feb9900000)]
  0x00000258cb6d2780 JavaThread "build event listener" [_thread_blocked, id=12564, stack(0x000000feb1c00000,0x000000feb1d00000)]
  0x00000258cb6d1850 JavaThread "Problems report writer" [_thread_blocked, id=25828, stack(0x000000feb9900000,0x000000feb9a00000)]
  0x00000258cb6d40d0 JavaThread "Unconstrained build operations Thread 102" [_thread_blocked, id=16328, stack(0x000000feb9a00000,0x000000feb9b00000)]
  0x00000258cb6d45e0 JavaThread "Unconstrained build operations Thread 103" [_thread_blocked, id=15120, stack(0x000000feb9b00000,0x000000feb9c00000)]
  0x00000258cb6d5510 JavaThread "Unconstrained build operations Thread 104" [_thread_blocked, id=26180, stack(0x000000feb9c00000,0x000000feb9d00000)]
  0x00000258cb6d5a20 JavaThread "Unconstrained build operations Thread 105" [_thread_blocked, id=27600, stack(0x000000feb9d00000,0x000000feb9e00000)]
  0x00000258cb6d5f30 JavaThread "Unconstrained build operations Thread 106" [_thread_blocked, id=30532, stack(0x000000feb9e00000,0x000000feb9f00000)]
  0x00000258cb6d6440 JavaThread "Unconstrained build operations Thread 107" [_thread_blocked, id=29868, stack(0x000000feb9f00000,0x000000feba000000)]
  0x00000258cb6d7370 JavaThread "Unconstrained build operations Thread 108" [_thread_blocked, id=27632, stack(0x000000feba000000,0x000000feba100000)]
  0x00000258cb6d6950 JavaThread "Unconstrained build operations Thread 109" [_thread_blocked, id=30328, stack(0x000000feba100000,0x000000feba200000)]
  0x00000258cb6d6e60 JavaThread "Unconstrained build operations Thread 110" [_thread_blocked, id=30336, stack(0x000000feba200000,0x000000feba300000)]
  0x00000258cb6d7880 JavaThread "Unconstrained build operations Thread 111" [_thread_blocked, id=30548, stack(0x000000feba300000,0x000000feba400000)]
  0x00000258caa81eb0 JavaThread "Unconstrained build operations Thread 112" [_thread_blocked, id=29012, stack(0x000000feba400000,0x000000feba500000)]
  0x00000258caa84730 JavaThread "Unconstrained build operations Thread 113" [_thread_blocked, id=13916, stack(0x000000feba500000,0x000000feba600000)]
  0x00000258caa83d10 JavaThread "Unconstrained build operations Thread 114" [_thread_blocked, id=29552, stack(0x000000feba600000,0x000000feba700000)]
  0x00000258caa819a0 JavaThread "Unconstrained build operations Thread 115" [_thread_blocked, id=28680, stack(0x000000feba700000,0x000000feba800000)]
  0x00000258caa84220 JavaThread "Unconstrained build operations Thread 116" [_thread_blocked, id=29120, stack(0x000000feba800000,0x000000feba900000)]
  0x00000258caa83800 JavaThread "Unconstrained build operations Thread 117" [_thread_blocked, id=8896, stack(0x000000feba900000,0x000000febaa00000)]
  0x00000258caa82de0 JavaThread "Unconstrained build operations Thread 118" [_thread_blocked, id=25924, stack(0x000000febaa00000,0x000000febab00000)]
  0x00000258caa80f80 JavaThread "Unconstrained build operations Thread 119" [_thread_blocked, id=23660, stack(0x000000febab00000,0x000000febac00000)]
  0x00000258caa832f0 JavaThread "Unconstrained build operations Thread 120" [_thread_blocked, id=27700, stack(0x000000febac00000,0x000000febad00000)]
  0x00000258caa823c0 JavaThread "Kotlin DSL Writer" [_thread_blocked, id=29572, stack(0x000000feada00000,0x000000feadb00000)]

Other Threads:
  0x000002587d2b5980 VMThread "VM Thread" [stack: 0x000000feae100000,0x000000feae200000] [id=28020]
  0x000002587d106590 WatcherThread [stack: 0x000000feaed00000,0x000000feaee00000] [id=22192]
  0x0000025862178e60 GCTaskThread "GC Thread#0" [stack: 0x000000feadc00000,0x000000feadd00000] [id=5484]
  0x00000258c5245930 GCTaskThread "GC Thread#1" [stack: 0x000000feaee00000,0x000000feaef00000] [id=27012]
  0x00000258c52e1d70 GCTaskThread "GC Thread#2" [stack: 0x000000feaef00000,0x000000feaf000000] [id=29020]
  0x00000258c5f1cc80 GCTaskThread "GC Thread#3" [stack: 0x000000feaf000000,0x000000feaf100000] [id=2808]
  0x00000258c636f9f0 GCTaskThread "GC Thread#4" [stack: 0x000000feaf100000,0x000000feaf200000] [id=30020]
  0x00000258c72a2dd0 GCTaskThread "GC Thread#5" [stack: 0x000000feaff00000,0x000000feb0000000] [id=15552]
  0x00000258c829d7a0 GCTaskThread "GC Thread#6" [stack: 0x000000feb0000000,0x000000feb0100000] [id=27436]
  0x00000258c622f5f0 GCTaskThread "GC Thread#7" [stack: 0x000000feb0100000,0x000000feb0200000] [id=24752]
  0x00000258c622f8b0 GCTaskThread "GC Thread#8" [stack: 0x000000feb0200000,0x000000feb0300000] [id=4972]
  0x00000258c555b9a0 GCTaskThread "GC Thread#9" [stack: 0x000000feb0300000,0x000000feb0400000] [id=28208]
  0x0000025862189f10 ConcurrentGCThread "G1 Main Marker" [stack: 0x000000feadd00000,0x000000feade00000] [id=29092]
  0x000002586218cae0 ConcurrentGCThread "G1 Conc#0" [stack: 0x000000feade00000,0x000000feadf00000] [id=12284]
  0x00000258c555b6e0 ConcurrentGCThread "G1 Conc#1" [stack: 0x000000feb0400000,0x000000feb0500000] [id=5536]
  0x00000258c555abe0 ConcurrentGCThread "G1 Conc#2" [stack: 0x000000feb0500000,0x000000feb0600000] [id=15004]
  0x000002587d16f6b0 ConcurrentGCThread "G1 Refine#0" [stack: 0x000000feadf00000,0x000000feae000000] [id=29100]
  0x00000258ca7872e0 ConcurrentGCThread "G1 Refine#1" [stack: 0x000000febad00000,0x000000febae00000] [id=29500]
  0x00000258cb841350 ConcurrentGCThread "G1 Refine#2" [stack: 0x000000febae00000,0x000000febaf00000] [id=28752]
  0x00000258c6d39f20 ConcurrentGCThread "G1 Refine#3" [stack: 0x000000febaf00000,0x000000febb000000] [id=17588]
  0x00000258ca7875d0 ConcurrentGCThread "G1 Refine#4" [stack: 0x000000feb1b00000,0x000000feb1c00000] [id=31400]
  0x000002587d16ff80 ConcurrentGCThread "G1 Service" [stack: 0x000000feae000000,0x000000feae100000] [id=26484]

Threads with active compile tasks:
C2 CompilerThread0   276522 17229 % !   4       org.jetbrains.kotlin.cli.jvm.index.JvmDependenciesIndexImpl::traverseDirectoriesInPackage @ 209 (396 bytes)

VM state: not at safepoint (normal execution)

VM Mutex/Monitor currently owned by a thread: None

Heap address: 0x0000000600000000, size: 8192 MB, Compressed Oops mode: Zero based, Oop shift amount: 3

CDS archive(s) mapped at: [0x0000025880000000-0x0000025880bd0000-0x0000025880bd0000), size 12386304, SharedBaseAddress: 0x0000025880000000, ArchiveRelocationMode: 1.
Compressed class space mapped at: 0x0000025881000000-0x00000258c1000000, reserved size: 1073741824
Narrow klass base: 0x0000025880000000, Narrow klass shift: 0, Narrow klass range: 0x100000000

GC Precious Log:
 CPUs: 12 total, 12 available
 Memory: 7876M
 Large Page Support: Disabled
 NUMA Support: Disabled
 Compressed Oops: Enabled (Zero based)
 Heap Region Size: 4M
 Heap Min Capacity: 8M
 Heap Initial Capacity: 124M
 Heap Max Capacity: 8G
 Pre-touch: Disabled
 Parallel Workers: 10
 Concurrent Workers: 3
 Concurrent Refinement Workers: 10
 Periodic GC: Disabled

Heap:
 garbage-first heap   total 704512K, used 213480K [0x0000000600000000, 0x0000000800000000)
  region size 4096K, 4 young (16384K), 1 survivors (4096K)
 Metaspace       used 143650K, committed 145024K, reserved 1179648K
  class space    used 19567K, committed 20224K, reserved 1048576K

Heap Regions: E=young(eden), S=young(survivor), O=old, HS=humongous(starts), HC=humongous(continues), CS=collection set, F=free, OA=open archive, CA=closed archive, TAMS=top-at-mark-start (previous, next)
|   0|0x0000000600000000, 0x0000000600400000, 0x0000000600400000|100%|HS|  |TAMS 0x0000000600400000, 0x0000000600000000| Complete 
|   1|0x0000000600400000, 0x0000000600800000, 0x0000000600800000|100%| O|  |TAMS 0x0000000600800000, 0x0000000600400000| Untracked 
|   2|0x0000000600800000, 0x0000000600c00000, 0x0000000600c00000|100%| O|  |TAMS 0x0000000600c00000, 0x0000000600800000| Untracked 
|   3|0x0000000600c00000, 0x0000000600f8a400, 0x0000000601000000| 88%| O|  |TAMS 0x0000000600f8a400, 0x0000000600c00000| Untracked 
|   4|0x0000000601000000, 0x0000000601400000, 0x0000000601400000|100%| O|  |TAMS 0x0000000601400000, 0x0000000601000000| Untracked 
|   5|0x0000000601400000, 0x0000000601800000, 0x0000000601800000|100%| O|  |TAMS 0x0000000601800000, 0x0000000601400000| Untracked 
|   6|0x0000000601800000, 0x0000000601c00000, 0x0000000601c00000|100%| O|  |TAMS 0x0000000601c00000, 0x0000000601800000| Untracked 
|   7|0x0000000601c00000, 0x0000000602000000, 0x0000000602000000|100%| O|  |TAMS 0x0000000602000000, 0x0000000601c00000| Untracked 
|   8|0x0000000602000000, 0x0000000602400000, 0x0000000602400000|100%| O|  |TAMS 0x0000000602400000, 0x0000000602000000| Untracked 
|   9|0x0000000602400000, 0x0000000602800000, 0x0000000602800000|100%| O|  |TAMS 0x0000000602800000, 0x0000000602400000| Untracked 
|  10|0x0000000602800000, 0x0000000602c00000, 0x0000000602c00000|100%| O|  |TAMS 0x0000000602c00000, 0x0000000602800000| Untracked 
|  11|0x0000000602c00000, 0x0000000603000000, 0x0000000603000000|100%| O|  |TAMS 0x0000000603000000, 0x0000000602c00000| Untracked 
|  12|0x0000000603000000, 0x0000000603400000, 0x0000000603400000|100%| O|  |TAMS 0x0000000603400000, 0x0000000603000000| Untracked 
|  13|0x0000000603400000, 0x0000000603800000, 0x0000000603800000|100%| O|  |TAMS 0x0000000603800000, 0x0000000603400000| Untracked 
|  14|0x0000000603800000, 0x0000000603c00000, 0x0000000603c00000|100%| O|  |TAMS 0x0000000603c00000, 0x0000000603800000| Untracked 
|  15|0x0000000603c00000, 0x0000000604000000, 0x0000000604000000|100%| O|  |TAMS 0x0000000604000000, 0x0000000603c00000| Untracked 
|  16|0x0000000604000000, 0x0000000604400000, 0x0000000604400000|100%| O|  |TAMS 0x0000000604400000, 0x0000000604000000| Untracked 
|  17|0x0000000604400000, 0x0000000604800000, 0x0000000604800000|100%| O|  |TAMS 0x0000000604800000, 0x0000000604400000| Untracked 
|  18|0x0000000604800000, 0x0000000604c00000, 0x0000000604c00000|100%| O|  |TAMS 0x0000000604c00000, 0x0000000604800000| Untracked 
|  19|0x0000000604c00000, 0x0000000605000000, 0x0000000605000000|100%| O|  |TAMS 0x0000000605000000, 0x0000000604c00000| Untracked 
|  20|0x0000000605000000, 0x0000000605400000, 0x0000000605400000|100%| O|  |TAMS 0x0000000605400000, 0x0000000605000000| Untracked 
|  21|0x0000000605400000, 0x0000000605800000, 0x0000000605800000|100%| O|  |TAMS 0x0000000605800000, 0x0000000605400000| Untracked 
|  22|0x0000000605800000, 0x0000000605c00000, 0x0000000605c00000|100%| O|  |TAMS 0x0000000605c00000, 0x0000000605800000| Untracked 
|  23|0x0000000605c00000, 0x0000000606000000, 0x0000000606000000|100%| O|  |TAMS 0x0000000606000000, 0x0000000605c00000| Untracked 
|  24|0x0000000606000000, 0x0000000606400000, 0x0000000606400000|100%| O|  |TAMS 0x0000000606400000, 0x0000000606000000| Untracked 
|  25|0x0000000606400000, 0x0000000606800000, 0x0000000606800000|100%| O|  |TAMS 0x0000000606800000, 0x0000000606400000| Untracked 
|  26|0x0000000606800000, 0x0000000606c00000, 0x0000000606c00000|100%| O|  |TAMS 0x0000000606c00000, 0x0000000606800000| Untracked 
|  27|0x0000000606c00000, 0x0000000607000000, 0x0000000607000000|100%| O|  |TAMS 0x0000000607000000, 0x0000000606c00000| Untracked 
|  28|0x0000000607000000, 0x0000000607400000, 0x0000000607400000|100%| O|  |TAMS 0x0000000607400000, 0x0000000607000000| Untracked 
|  29|0x0000000607400000, 0x0000000607800000, 0x0000000607800000|100%| O|  |TAMS 0x0000000607800000, 0x0000000607400000| Untracked 
|  30|0x0000000607800000, 0x0000000607c00000, 0x0000000607c00000|100%| O|  |TAMS 0x0000000607c00000, 0x0000000607800000| Untracked 
|  31|0x0000000607c00000, 0x0000000608000000, 0x0000000608000000|100%| O|  |TAMS 0x0000000608000000, 0x0000000607c00000| Untracked 
|  32|0x0000000608000000, 0x0000000608400000, 0x0000000608400000|100%| O|  |TAMS 0x0000000608400000, 0x0000000608000000| Untracked 
|  33|0x0000000608400000, 0x0000000608800000, 0x0000000608800000|100%| O|  |TAMS 0x0000000608800000, 0x0000000608400000| Untracked 
|  34|0x0000000608800000, 0x0000000608c00000, 0x0000000608c00000|100%| O|  |TAMS 0x0000000608800000, 0x0000000608800000| Untracked 
|  35|0x0000000608c00000, 0x0000000609000000, 0x0000000609000000|100%| O|  |TAMS 0x0000000608c00000, 0x0000000608c00000| Untracked 
|  36|0x0000000609000000, 0x0000000609400000, 0x0000000609400000|100%| O|  |TAMS 0x0000000609400000, 0x0000000609000000| Untracked 
|  37|0x0000000609400000, 0x0000000609800000, 0x0000000609800000|100%| O|  |TAMS 0x0000000609502000, 0x0000000609400000| Untracked 
|  38|0x0000000609800000, 0x0000000609c00000, 0x0000000609c00000|100%| O|  |TAMS 0x0000000609800000, 0x0000000609800000| Untracked 
|  39|0x0000000609c00000, 0x000000060a000000, 0x000000060a000000|100%| O|  |TAMS 0x0000000609c00000, 0x0000000609c00000| Untracked 
|  40|0x000000060a000000, 0x000000060a400000, 0x000000060a400000|100%| O|  |TAMS 0x000000060a000000, 0x000000060a000000| Untracked 
|  41|0x000000060a400000, 0x000000060a800000, 0x000000060a800000|100%| O|  |TAMS 0x000000060a400000, 0x000000060a400000| Untracked 
|  42|0x000000060a800000, 0x000000060ac00000, 0x000000060ac00000|100%| O|  |TAMS 0x000000060a800000, 0x000000060a800000| Untracked 
|  43|0x000000060ac00000, 0x000000060b000000, 0x000000060b000000|100%| O|  |TAMS 0x000000060ac00000, 0x000000060ac00000| Untracked 
|  44|0x000000060b000000, 0x000000060b400000, 0x000000060b400000|100%| O|  |TAMS 0x000000060b000000, 0x000000060b000000| Untracked 
|  45|0x000000060b400000, 0x000000060b800000, 0x000000060b800000|100%| O|  |TAMS 0x000000060b400000, 0x000000060b400000| Untracked 
|  46|0x000000060b800000, 0x000000060bc00000, 0x000000060bc00000|100%| O|  |TAMS 0x000000060b800000, 0x000000060b800000| Untracked 
|  47|0x000000060bc00000, 0x000000060c000000, 0x000000060c000000|100%| O|  |TAMS 0x000000060bc00000, 0x000000060bc00000| Untracked 
|  48|0x000000060c000000, 0x000000060c400000, 0x000000060c400000|100%| O|  |TAMS 0x000000060c000000, 0x000000060c000000| Untracked 
|  49|0x000000060c400000, 0x000000060c619000, 0x000000060c800000| 52%| O|  |TAMS 0x000000060c400000, 0x000000060c400000| Untracked 
|  50|0x000000060c800000, 0x000000060c800000, 0x000000060cc00000|  0%| F|  |TAMS 0x000000060c800000, 0x000000060c800000| Untracked 
|  51|0x000000060cc00000, 0x000000060cc00000, 0x000000060d000000|  0%| F|  |TAMS 0x000000060cc00000, 0x000000060cc00000| Untracked 
|  52|0x000000060d000000, 0x000000060d000000, 0x000000060d400000|  0%| F|  |TAMS 0x000000060d000000, 0x000000060d000000| Untracked 
|  53|0x000000060d400000, 0x000000060d400000, 0x000000060d800000|  0%| F|  |TAMS 0x000000060d400000, 0x000000060d400000| Untracked 
|  54|0x000000060d800000, 0x000000060d800000, 0x000000060dc00000|  0%| F|  |TAMS 0x000000060d800000, 0x000000060d800000| Untracked 
|  55|0x000000060dc00000, 0x000000060dc00000, 0x000000060e000000|  0%| F|  |TAMS 0x000000060dc00000, 0x000000060dc00000| Untracked 
|  56|0x000000060e000000, 0x000000060e000000, 0x000000060e400000|  0%| F|  |TAMS 0x000000060e000000, 0x000000060e000000| Untracked 
|  57|0x000000060e400000, 0x000000060e400000, 0x000000060e800000|  0%| F|  |TAMS 0x000000060e400000, 0x000000060e400000| Untracked 
|  58|0x000000060e800000, 0x000000060e800000, 0x000000060ec00000|  0%| F|  |TAMS 0x000000060e800000, 0x000000060e800000| Untracked 
|  59|0x000000060ec00000, 0x000000060ec00000, 0x000000060f000000|  0%| F|  |TAMS 0x000000060ec00000, 0x000000060ec00000| Untracked 
|  60|0x000000060f000000, 0x000000060f000000, 0x000000060f400000|  0%| F|  |TAMS 0x000000060f000000, 0x000000060f000000| Untracked 
|  61|0x000000060f400000, 0x000000060f400000, 0x000000060f800000|  0%| F|  |TAMS 0x000000060f400000, 0x000000060f400000| Untracked 
|  62|0x000000060f800000, 0x000000060f800000, 0x000000060fc00000|  0%| F|  |TAMS 0x000000060f800000, 0x000000060f800000| Untracked 
|  63|0x000000060fc00000, 0x000000060fc00000, 0x0000000610000000|  0%| F|  |TAMS 0x000000060fc00000, 0x000000060fc00000| Untracked 
|  64|0x0000000610000000, 0x0000000610000000, 0x0000000610400000|  0%| F|  |TAMS 0x0000000610000000, 0x0000000610000000| Untracked 
|  65|0x0000000610400000, 0x0000000610400000, 0x0000000610800000|  0%| F|  |TAMS 0x0000000610400000, 0x0000000610400000| Untracked 
|  66|0x0000000610800000, 0x0000000610800000, 0x0000000610c00000|  0%| F|  |TAMS 0x0000000610800000, 0x0000000610800000| Untracked 
|  67|0x0000000610c00000, 0x0000000610c00000, 0x0000000611000000|  0%| F|  |TAMS 0x0000000610c00000, 0x0000000610c00000| Untracked 
|  68|0x0000000611000000, 0x0000000611000000, 0x0000000611400000|  0%| F|  |TAMS 0x0000000611000000, 0x0000000611000000| Untracked 
|  69|0x0000000611400000, 0x0000000611400000, 0x0000000611800000|  0%| F|  |TAMS 0x0000000611400000, 0x0000000611400000| Untracked 
|  70|0x0000000611800000, 0x0000000611800000, 0x0000000611c00000|  0%| F|  |TAMS 0x0000000611800000, 0x0000000611800000| Untracked 
|  71|0x0000000611c00000, 0x0000000611c00000, 0x0000000612000000|  0%| F|  |TAMS 0x0000000611c00000, 0x0000000611c00000| Untracked 
|  72|0x0000000612000000, 0x0000000612000000, 0x0000000612400000|  0%| F|  |TAMS 0x0000000612000000, 0x0000000612000000| Untracked 
|  73|0x0000000612400000, 0x0000000612400000, 0x0000000612800000|  0%| F|  |TAMS 0x0000000612400000, 0x0000000612400000| Untracked 
|  74|0x0000000612800000, 0x0000000612800000, 0x0000000612c00000|  0%| F|  |TAMS 0x0000000612800000, 0x0000000612800000| Untracked 
|  75|0x0000000612c00000, 0x0000000612c00000, 0x0000000613000000|  0%| F|  |TAMS 0x0000000612c00000, 0x0000000612c00000| Untracked 
|  76|0x0000000613000000, 0x0000000613000000, 0x0000000613400000|  0%| F|  |TAMS 0x0000000613000000, 0x0000000613000000| Untracked 
|  77|0x0000000613400000, 0x0000000613400000, 0x0000000613800000|  0%| F|  |TAMS 0x0000000613400000, 0x0000000613400000| Untracked 
|  78|0x0000000613800000, 0x0000000613800000, 0x0000000613c00000|  0%| F|  |TAMS 0x0000000613800000, 0x0000000613800000| Untracked 
|  79|0x0000000613c00000, 0x0000000613c00000, 0x0000000614000000|  0%| F|  |TAMS 0x0000000613c00000, 0x0000000613c00000| Untracked 
|  80|0x0000000614000000, 0x0000000614000000, 0x0000000614400000|  0%| F|  |TAMS 0x0000000614000000, 0x0000000614000000| Untracked 
|  81|0x0000000614400000, 0x0000000614400000, 0x0000000614800000|  0%| F|  |TAMS 0x0000000614400000, 0x0000000614400000| Untracked 
|  82|0x0000000614800000, 0x0000000614800000, 0x0000000614c00000|  0%| F|  |TAMS 0x0000000614800000, 0x0000000614800000| Untracked 
|  83|0x0000000614c00000, 0x0000000614c00000, 0x0000000615000000|  0%| F|  |TAMS 0x0000000614c00000, 0x0000000614c00000| Untracked 
|  84|0x0000000615000000, 0x0000000615000000, 0x0000000615400000|  0%| F|  |TAMS 0x0000000615000000, 0x0000000615000000| Untracked 
|  85|0x0000000615400000, 0x0000000615400000, 0x0000000615800000|  0%| F|  |TAMS 0x0000000615400000, 0x0000000615400000| Untracked 
|  86|0x0000000615800000, 0x0000000615800000, 0x0000000615c00000|  0%| F|  |TAMS 0x0000000615800000, 0x0000000615800000| Untracked 
|  87|0x0000000615c00000, 0x0000000615c00000, 0x0000000616000000|  0%| F|  |TAMS 0x0000000615c00000, 0x0000000615c00000| Untracked 
|  88|0x0000000616000000, 0x0000000616000000, 0x0000000616400000|  0%| F|  |TAMS 0x0000000616000000, 0x0000000616000000| Untracked 
|  89|0x0000000616400000, 0x0000000616400000, 0x0000000616800000|  0%| F|  |TAMS 0x0000000616400000, 0x0000000616400000| Untracked 
|  90|0x0000000616800000, 0x0000000616800000, 0x0000000616c00000|  0%| F|  |TAMS 0x0000000616800000, 0x0000000616800000| Untracked 
|  91|0x0000000616c00000, 0x0000000616c00000, 0x0000000617000000|  0%| F|  |TAMS 0x0000000616c00000, 0x0000000616c00000| Untracked 
|  92|0x0000000617000000, 0x0000000617000000, 0x0000000617400000|  0%| F|  |TAMS 0x0000000617000000, 0x0000000617000000| Untracked 
|  93|0x0000000617400000, 0x0000000617400000, 0x0000000617800000|  0%| F|  |TAMS 0x0000000617400000, 0x0000000617400000| Untracked 
|  94|0x0000000617800000, 0x0000000617800000, 0x0000000617c00000|  0%| F|  |TAMS 0x0000000617800000, 0x0000000617800000| Untracked 
|  95|0x0000000617c00000, 0x0000000617c00000, 0x0000000618000000|  0%| F|  |TAMS 0x0000000617c00000, 0x0000000617c00000| Untracked 
|  96|0x0000000618000000, 0x0000000618000000, 0x0000000618400000|  0%| F|  |TAMS 0x0000000618000000, 0x0000000618000000| Untracked 
|  97|0x0000000618400000, 0x0000000618400000, 0x0000000618800000|  0%| F|  |TAMS 0x0000000618400000, 0x0000000618400000| Untracked 
|  98|0x0000000618800000, 0x0000000618800000, 0x0000000618c00000|  0%| F|  |TAMS 0x0000000618800000, 0x0000000618800000| Untracked 
|  99|0x0000000618c00000, 0x0000000618c00000, 0x0000000619000000|  0%| F|  |TAMS 0x0000000618c00000, 0x0000000618c00000| Untracked 
| 100|0x0000000619000000, 0x0000000619000000, 0x0000000619400000|  0%| F|  |TAMS 0x0000000619000000, 0x0000000619000000| Untracked 
| 101|0x0000000619400000, 0x0000000619400000, 0x0000000619800000|  0%| F|  |TAMS 0x0000000619400000, 0x0000000619400000| Untracked 
| 102|0x0000000619800000, 0x0000000619800000, 0x0000000619c00000|  0%| F|  |TAMS 0x0000000619800000, 0x0000000619800000| Untracked 
| 103|0x0000000619c00000, 0x0000000619c00000, 0x000000061a000000|  0%| F|  |TAMS 0x0000000619c00000, 0x0000000619c00000| Untracked 
| 104|0x000000061a000000, 0x000000061a000000, 0x000000061a400000|  0%| F|  |TAMS 0x000000061a000000, 0x000000061a000000| Untracked 
| 105|0x000000061a400000, 0x000000061a400000, 0x000000061a800000|  0%| F|  |TAMS 0x000000061a400000, 0x000000061a400000| Untracked 
| 106|0x000000061a800000, 0x000000061a800000, 0x000000061ac00000|  0%| F|  |TAMS 0x000000061a800000, 0x000000061a800000| Untracked 
| 107|0x000000061ac00000, 0x000000061ac00000, 0x000000061b000000|  0%| F|  |TAMS 0x000000061ac00000, 0x000000061ac00000| Untracked 
| 108|0x000000061b000000, 0x000000061b000000, 0x000000061b400000|  0%| F|  |TAMS 0x000000061b000000, 0x000000061b000000| Untracked 
| 109|0x000000061b400000, 0x000000061b400000, 0x000000061b800000|  0%| F|  |TAMS 0x000000061b400000, 0x000000061b400000| Untracked 
| 110|0x000000061b800000, 0x000000061b800000, 0x000000061bc00000|  0%| F|  |TAMS 0x000000061b800000, 0x000000061b800000| Untracked 
| 111|0x000000061bc00000, 0x000000061bc00000, 0x000000061c000000|  0%| F|  |TAMS 0x000000061bc00000, 0x000000061bc00000| Untracked 
| 112|0x000000061c000000, 0x000000061c000000, 0x000000061c400000|  0%| F|  |TAMS 0x000000061c000000, 0x000000061c000000| Untracked 
| 113|0x000000061c400000, 0x000000061c400000, 0x000000061c800000|  0%| F|  |TAMS 0x000000061c400000, 0x000000061c400000| Untracked 
| 114|0x000000061c800000, 0x000000061c800000, 0x000000061cc00000|  0%| F|  |TAMS 0x000000061c800000, 0x000000061c800000| Untracked 
| 115|0x000000061cc00000, 0x000000061cc00000, 0x000000061d000000|  0%| F|  |TAMS 0x000000061cc00000, 0x000000061cc00000| Untracked 
| 116|0x000000061d000000, 0x000000061d000000, 0x000000061d400000|  0%| F|  |TAMS 0x000000061d000000, 0x000000061d000000| Untracked 
| 117|0x000000061d400000, 0x000000061d400000, 0x000000061d800000|  0%| F|  |TAMS 0x000000061d400000, 0x000000061d400000| Untracked 
| 118|0x000000061d800000, 0x000000061d800000, 0x000000061dc00000|  0%| F|  |TAMS 0x000000061d800000, 0x000000061d800000| Untracked 
| 119|0x000000061dc00000, 0x000000061dc00000, 0x000000061e000000|  0%| F|  |TAMS 0x000000061dc00000, 0x000000061dc00000| Untracked 
| 120|0x000000061e000000, 0x000000061e000000, 0x000000061e400000|  0%| F|  |TAMS 0x000000061e000000, 0x000000061e000000| Untracked 
| 121|0x000000061e400000, 0x000000061e400000, 0x000000061e800000|  0%| F|  |TAMS 0x000000061e400000, 0x000000061e400000| Untracked 
| 122|0x000000061e800000, 0x000000061e800000, 0x000000061ec00000|  0%| F|  |TAMS 0x000000061e800000, 0x000000061e800000| Untracked 
| 123|0x000000061ec00000, 0x000000061ec00000, 0x000000061f000000|  0%| F|  |TAMS 0x000000061ec00000, 0x000000061ec00000| Untracked 
| 124|0x000000061f000000, 0x000000061f000000, 0x000000061f400000|  0%| F|  |TAMS 0x000000061f000000, 0x000000061f000000| Untracked 
| 125|0x000000061f400000, 0x000000061f400000, 0x000000061f800000|  0%| F|  |TAMS 0x000000061f400000, 0x000000061f400000| Untracked 
| 126|0x000000061f800000, 0x000000061f800000, 0x000000061fc00000|  0%| F|  |TAMS 0x000000061f800000, 0x000000061f800000| Untracked 
| 127|0x000000061fc00000, 0x000000061fc00000, 0x0000000620000000|  0%| F|  |TAMS 0x000000061fc00000, 0x000000061fc00000| Untracked 
| 128|0x0000000620000000, 0x0000000620000000, 0x0000000620400000|  0%| F|  |TAMS 0x0000000620000000, 0x0000000620000000| Untracked 
| 129|0x0000000620400000, 0x0000000620400000, 0x0000000620800000|  0%| F|  |TAMS 0x0000000620400000, 0x0000000620400000| Untracked 
| 130|0x0000000620800000, 0x0000000620800000, 0x0000000620c00000|  0%| F|  |TAMS 0x0000000620800000, 0x0000000620800000| Untracked 
| 131|0x0000000620c00000, 0x0000000620c00000, 0x0000000621000000|  0%| F|  |TAMS 0x0000000620c00000, 0x0000000620c00000| Untracked 
| 132|0x0000000621000000, 0x0000000621000000, 0x0000000621400000|  0%| F|  |TAMS 0x0000000621000000, 0x0000000621000000| Untracked 
| 133|0x0000000621400000, 0x0000000621400000, 0x0000000621800000|  0%| F|  |TAMS 0x0000000621400000, 0x0000000621400000| Untracked 
| 134|0x0000000621800000, 0x0000000621800000, 0x0000000621c00000|  0%| F|  |TAMS 0x0000000621800000, 0x0000000621800000| Untracked 
| 135|0x0000000621c00000, 0x0000000621c00000, 0x0000000622000000|  0%| F|  |TAMS 0x0000000621c00000, 0x0000000621c00000| Untracked 
| 136|0x0000000622000000, 0x0000000622000000, 0x0000000622400000|  0%| F|  |TAMS 0x0000000622000000, 0x0000000622000000| Untracked 
| 137|0x0000000622400000, 0x0000000622400000, 0x0000000622800000|  0%| F|  |TAMS 0x0000000622400000, 0x0000000622400000| Untracked 
| 138|0x0000000622800000, 0x0000000622800000, 0x0000000622c00000|  0%| F|  |TAMS 0x0000000622800000, 0x0000000622800000| Untracked 
| 139|0x0000000622c00000, 0x0000000622c00000, 0x0000000623000000|  0%| F|  |TAMS 0x0000000622c00000, 0x0000000622c00000| Untracked 
| 140|0x0000000623000000, 0x0000000623000000, 0x0000000623400000|  0%| F|  |TAMS 0x0000000623000000, 0x0000000623000000| Untracked 
| 141|0x0000000623400000, 0x0000000623400000, 0x0000000623800000|  0%| F|  |TAMS 0x0000000623400000, 0x0000000623400000| Untracked 
| 142|0x0000000623800000, 0x0000000623800000, 0x0000000623c00000|  0%| F|  |TAMS 0x0000000623800000, 0x0000000623800000| Untracked 
| 143|0x0000000623c00000, 0x0000000623c00000, 0x0000000624000000|  0%| F|  |TAMS 0x0000000623c00000, 0x0000000623c00000| Untracked 
| 144|0x0000000624000000, 0x0000000624000000, 0x0000000624400000|  0%| F|  |TAMS 0x0000000624000000, 0x0000000624000000| Untracked 
| 145|0x0000000624400000, 0x0000000624400000, 0x0000000624800000|  0%| F|  |TAMS 0x0000000624400000, 0x0000000624400000| Untracked 
| 146|0x0000000624800000, 0x0000000624800000, 0x0000000624c00000|  0%| F|  |TAMS 0x0000000624800000, 0x0000000624800000| Untracked 
| 147|0x0000000624c00000, 0x0000000624c00000, 0x0000000625000000|  0%| F|  |TAMS 0x0000000624c00000, 0x0000000624c00000| Untracked 
| 148|0x0000000625000000, 0x0000000625000000, 0x0000000625400000|  0%| F|  |TAMS 0x0000000625000000, 0x0000000625000000| Untracked 
| 149|0x0000000625400000, 0x0000000625400000, 0x0000000625800000|  0%| F|  |TAMS 0x0000000625400000, 0x0000000625400000| Untracked 
| 150|0x0000000625800000, 0x0000000625800000, 0x0000000625c00000|  0%| F|  |TAMS 0x0000000625800000, 0x0000000625800000| Untracked 
| 151|0x0000000625c00000, 0x0000000625c00000, 0x0000000626000000|  0%| F|  |TAMS 0x0000000625c00000, 0x0000000625c00000| Untracked 
| 152|0x0000000626000000, 0x0000000626000000, 0x0000000626400000|  0%| F|  |TAMS 0x0000000626000000, 0x0000000626000000| Untracked 
| 153|0x0000000626400000, 0x0000000626400000, 0x0000000626800000|  0%| F|  |TAMS 0x0000000626400000, 0x0000000626400000| Untracked 
| 154|0x0000000626800000, 0x0000000626800000, 0x0000000626c00000|  0%| F|  |TAMS 0x0000000626800000, 0x0000000626800000| Untracked 
| 155|0x0000000626c00000, 0x0000000626c00000, 0x0000000627000000|  0%| F|  |TAMS 0x0000000626c00000, 0x0000000626c00000| Untracked 
| 156|0x0000000627000000, 0x0000000627000000, 0x0000000627400000|  0%| F|  |TAMS 0x0000000627000000, 0x0000000627000000| Untracked 
| 157|0x0000000627400000, 0x0000000627400000, 0x0000000627800000|  0%| F|  |TAMS 0x0000000627400000, 0x0000000627400000| Untracked 
| 158|0x0000000627800000, 0x0000000627800000, 0x0000000627c00000|  0%| F|  |TAMS 0x0000000627800000, 0x0000000627800000| Untracked 
| 159|0x0000000627c00000, 0x0000000627c00000, 0x0000000628000000|  0%| F|  |TAMS 0x0000000627c00000, 0x0000000627c00000| Untracked 
| 160|0x0000000628000000, 0x0000000628000000, 0x0000000628400000|  0%| F|  |TAMS 0x0000000628000000, 0x0000000628000000| Untracked 
| 161|0x0000000628400000, 0x0000000628400000, 0x0000000628800000|  0%| F|  |TAMS 0x0000000628400000, 0x0000000628400000| Untracked 
| 162|0x0000000628800000, 0x0000000628800000, 0x0000000628c00000|  0%| F|  |TAMS 0x0000000628800000, 0x0000000628800000| Untracked 
| 163|0x0000000628c00000, 0x0000000628c00000, 0x0000000629000000|  0%| F|  |TAMS 0x0000000628c00000, 0x0000000628c00000| Untracked 
| 164|0x0000000629000000, 0x0000000629000000, 0x0000000629400000|  0%| F|  |TAMS 0x0000000629000000, 0x0000000629000000| Untracked 
| 165|0x0000000629400000, 0x00000006296d6fc0, 0x0000000629800000| 70%| S|CS|TAMS 0x0000000629400000, 0x0000000629400000| Complete 
| 166|0x0000000629800000, 0x0000000629800000, 0x0000000629c00000|  0%| F|  |TAMS 0x0000000629800000, 0x0000000629800000| Untracked 
| 167|0x0000000629c00000, 0x0000000629c00000, 0x000000062a000000|  0%| F|  |TAMS 0x0000000629c00000, 0x0000000629c00000| Untracked 
| 168|0x000000062a000000, 0x000000062a000000, 0x000000062a400000|  0%| F|  |TAMS 0x000000062a000000, 0x000000062a000000| Untracked 
| 169|0x000000062a400000, 0x000000062a68cee8, 0x000000062a800000| 63%| E|  |TAMS 0x000000062a400000, 0x000000062a400000| Complete 
| 170|0x000000062a800000, 0x000000062ac00000, 0x000000062ac00000|100%| E|CS|TAMS 0x000000062a800000, 0x000000062a800000| Complete 
| 171|0x000000062ac00000, 0x000000062b000000, 0x000000062b000000|100%| E|CS|TAMS 0x000000062ac00000, 0x000000062ac00000| Complete 

Card table byte_map: [0x000002586b0f0000,0x000002586c0f0000] _byte_map_base: 0x00000258680f0000

Marking Bits (Prev, Next): (CMBitMap*) 0x00000258621794c0, (CMBitMap*) 0x0000025862179480
 Prev Bits: [0x00000258750f0000, 0x000002587d0f0000)
 Next Bits: [0x000002586d0f0000, 0x00000258750f0000)

Polling page: 0x0000025860010000

Metaspace:

Usage:
  Non-class:    121.18 MB used.
      Class:     19.11 MB used.
       Both:    140.29 MB used.

Virtual space:
  Non-class space:      128.00 MB reserved,     121.88 MB ( 95%) committed,  2 nodes.
      Class space:        1.00 GB reserved,      19.75 MB (  2%) committed,  1 nodes.
             Both:        1.12 GB reserved,     141.62 MB ( 12%) committed. 

Chunk freelists:
   Non-Class:  5.41 MB
       Class:  12.23 MB
        Both:  17.64 MB

MaxMetaspaceSize: 4.00 GB
CompressedClassSpaceSize: 1.00 GB
Initial GC threshold: 21.00 MB
Current GC threshold: 231.50 MB
CDS: on
MetaspaceReclaimPolicy: balanced
 - commit_granule_bytes: 65536.
 - commit_granule_words: 8192.
 - virtual_space_node_default_size: 8388608.
 - enlarge_chunks_in_place: 1.
 - new_chunks_are_fully_committed: 0.
 - uncommit_free_chunks: 1.
 - use_allocation_guard: 0.
 - handle_deallocations: 1.


Internal statistics:

num_allocs_failed_limit: 21.
num_arena_births: 2146.
num_arena_deaths: 0.
num_vsnodes_births: 3.
num_vsnodes_deaths: 0.
num_space_committed: 2266.
num_space_uncommitted: 0.
num_chunks_returned_to_freelist: 21.
num_chunks_taken_from_freelist: 8335.
num_chunk_merges: 21.
num_chunk_splits: 5702.
num_chunks_enlarged: 3901.
num_inconsistent_stats: 0.

CodeHeap 'non-profiled nmethods': size=259264Kb used=9207Kb max_used=9318Kb free=250056Kb
 bounds [0x00000258102d0000, 0x0000025810bf0000, 0x0000025820000000]
CodeHeap 'profiled nmethods': size=259264Kb used=28473Kb max_used=28693Kb free=230790Kb
 bounds [0x0000025800000000, 0x0000025801c50000, 0x000002580fd30000]
CodeHeap 'non-nmethods': size=5760Kb used=1849Kb max_used=1861Kb free=3910Kb
 bounds [0x000002580fd30000, 0x000002580ffa0000, 0x00000258102d0000]
 total_blobs=15167 nmethods=14198 adapters=880
 compilation: enabled
              stopped_count=0, restarted_count=0
 full_count=0

Compilation events (20 events):
Event: 272.837 Thread 0x000002587d2d7ef0 17280       1       org.jetbrains.kotlin.resolve.ImportPath::getFqName (5 bytes)
Event: 272.837 Thread 0x000002587d2d7ef0 nmethod 17280 0x0000025810687190 code [0x0000025810687320, 0x00000258106873f8]
Event: 272.838 Thread 0x000002587d2d7ef0 17281       3       org.jetbrains.kotlin.load.java.AbstractJavaClassFinder::getJavaSearchScope (17 bytes)
Event: 272.839 Thread 0x000002587d2d7ef0 nmethod 17281 0x00000258015bf390 code [0x00000258015bf600, 0x00000258015bfeb8]
Event: 272.839 Thread 0x000002587d2d7ef0 17283       3       org.jetbrains.kotlin.com.intellij.psi.search.SearchScope::hashCode (21 bytes)
Event: 272.839 Thread 0x000002587d2d7ef0 nmethod 17283 0x00000258009a8410 code [0x00000258009a85c0, 0x00000258009a87e8]
Event: 272.839 Thread 0x000002587d2d7ef0 17282       3       org.jetbrains.kotlin.com.intellij.util.ArrayUtil::realloc (51 bytes)
Event: 272.840 Thread 0x000002587d2d7ef0 nmethod 17282 0x0000025800483690 code [0x0000025800483860, 0x0000025800483b48]
Event: 272.841 Thread 0x000002587d2d7ef0 17284       3       org.jetbrains.kotlin.fir.declarations.impl.FirResolvedImportImpl::getImportedName (17 bytes)
Event: 272.841 Thread 0x000002587d2d7ef0 nmethod 17284 0x00000258015bed10 code [0x00000258015beee0, 0x00000258015bf258]
Event: 272.841 Thread 0x000002587d2d7ef0 17285       3       org.jetbrains.kotlin.fir.declarations.impl.FirResolvedImportImpl::getImportedFqName (8 bytes)
Event: 272.841 Thread 0x000002587d2d7ef0 nmethod 17285 0x0000025800483210 code [0x00000258004833c0, 0x00000258004835a8]
Event: 272.841 Thread 0x000002587d2d7ef0 17286       1       org.jetbrains.kotlin.fir.declarations.impl.FirImportImpl::getAliasName (5 bytes)
Event: 272.842 Thread 0x000002587d2d7ef0 nmethod 17286 0x0000025810686e90 code [0x0000025810687020, 0x00000258106870f8]
Event: 272.842 Thread 0x000002587d2d7ef0 17287       3       org.jetbrains.kotlin.fir.declarations.impl.FirResolvedImportImpl::getAliasName (8 bytes)
Event: 272.842 Thread 0x000002587d2d7ef0 nmethod 17287 0x00000258015be890 code [0x00000258015bea40, 0x00000258015bec28]
Event: 272.936 Thread 0x000002587d2d7ef0 17291       1       kotlin.collections.builders.ListBuilder::access$getLength$p (5 bytes)
Event: 272.937 Thread 0x000002587d2d7ef0 nmethod 17291 0x0000025810686b90 code [0x0000025810686d20, 0x0000025810686dd8]
Event: 273.973 Thread 0x000002587d2d7ef0 17293       3       java.util.concurrent.ThreadPoolExecutor::isShutdown (12 bytes)
Event: 273.974 Thread 0x000002587d2d7ef0 nmethod 17293 0x00000258015be410 code [0x00000258015be5c0, 0x00000258015be7b8]

GC Heap History (20 events):
Event: 238.224 GC heap before
{Heap before GC invocations=55 (full 0):
 garbage-first heap   total 278528K, used 137002K [0x0000000600000000, 0x0000000800000000)
  region size 4096K, 5 young (20480K), 4 survivors (16384K)
 Metaspace       used 107968K, committed 109248K, reserved 1179648K
  class space    used 15154K, committed 15808K, reserved 1048576K
}
Event: 238.638 GC heap after
{Heap after GC invocations=56 (full 0):
 garbage-first heap   total 278528K, used 140460K [0x0000000600000000, 0x0000000800000000)
  region size 4096K, 1 young (4096K), 1 survivors (4096K)
 Metaspace       used 107968K, committed 109248K, reserved 1179648K
  class space    used 15154K, committed 15808K, reserved 1048576K
}
Event: 244.216 GC heap before
{Heap before GC invocations=56 (full 0):
 garbage-first heap   total 278528K, used 181420K [0x0000000600000000, 0x0000000800000000)
  region size 4096K, 11 young (45056K), 1 survivors (4096K)
 Metaspace       used 107978K, committed 109376K, reserved 1179648K
  class space    used 15154K, committed 15808K, reserved 1048576K
}
Event: 244.369 GC heap after
{Heap after GC invocations=57 (full 0):
 garbage-first heap   total 557056K, used 140602K [0x0000000600000000, 0x0000000800000000)
  region size 4096K, 1 young (4096K), 1 survivors (4096K)
 Metaspace       used 107978K, committed 109376K, reserved 1179648K
  class space    used 15154K, committed 15808K, reserved 1048576K
}
Event: 245.298 GC heap before
{Heap before GC invocations=57 (full 0):
 garbage-first heap   total 557056K, used 185658K [0x0000000600000000, 0x0000000800000000)
  region size 4096K, 12 young (49152K), 1 survivors (4096K)
 Metaspace       used 107978K, committed 109376K, reserved 1179648K
  class space    used 15154K, committed 15808K, reserved 1048576K
}
Event: 245.304 GC heap after
{Heap after GC invocations=58 (full 0):
 garbage-first heap   total 557056K, used 142234K [0x0000000600000000, 0x0000000800000000)
  region size 4096K, 2 young (8192K), 2 survivors (8192K)
 Metaspace       used 107978K, committed 109376K, reserved 1179648K
  class space    used 15154K, committed 15808K, reserved 1048576K
}
Event: 250.671 GC heap before
{Heap before GC invocations=58 (full 0):
 garbage-first heap   total 557056K, used 207770K [0x0000000600000000, 0x0000000800000000)
  region size 4096K, 17 young (69632K), 2 survivors (8192K)
 Metaspace       used 109415K, committed 110784K, reserved 1179648K
  class space    used 15293K, committed 15936K, reserved 1048576K
}
Event: 250.682 GC heap after
{Heap after GC invocations=59 (full 0):
 garbage-first heap   total 557056K, used 158051K [0x0000000600000000, 0x0000000800000000)
  region size 4096K, 3 young (12288K), 3 survivors (12288K)
 Metaspace       used 109415K, committed 110784K, reserved 1179648K
  class space    used 15293K, committed 15936K, reserved 1048576K
}
Event: 253.585 GC heap before
{Heap before GC invocations=59 (full 0):
 garbage-first heap   total 557056K, used 194915K [0x0000000600000000, 0x0000000800000000)
  region size 4096K, 13 young (53248K), 3 survivors (12288K)
 Metaspace       used 114977K, committed 116352K, reserved 1179648K
  class space    used 16367K, committed 17024K, reserved 1048576K
}
Event: 253.766 GC heap after
{Heap after GC invocations=60 (full 0):
 garbage-first heap   total 557056K, used 146203K [0x0000000600000000, 0x0000000800000000)
  region size 4096K, 1 young (4096K), 1 survivors (4096K)
 Metaspace       used 114977K, committed 116352K, reserved 1179648K
  class space    used 16367K, committed 17024K, reserved 1048576K
}
Event: 256.841 GC heap before
{Heap before GC invocations=60 (full 0):
 garbage-first heap   total 557056K, used 219931K [0x0000000600000000, 0x0000000800000000)
  region size 4096K, 19 young (77824K), 1 survivors (4096K)
 Metaspace       used 119842K, committed 121216K, reserved 1179648K
  class space    used 16952K, committed 17600K, reserved 1048576K
}
Event: 256.847 GC heap after
{Heap after GC invocations=61 (full 0):
 garbage-first heap   total 557056K, used 146539K [0x0000000600000000, 0x0000000800000000)
  region size 4096K, 1 young (4096K), 1 survivors (4096K)
 Metaspace       used 119842K, committed 121216K, reserved 1179648K
  class space    used 16952K, committed 17600K, reserved 1048576K
}
Event: 258.545 GC heap before
{Heap before GC invocations=61 (full 0):
 garbage-first heap   total 557056K, used 187499K [0x0000000600000000, 0x0000000800000000)
  region size 4096K, 12 young (49152K), 1 survivors (4096K)
 Metaspace       used 125531K, committed 126848K, reserved 1179648K
  class space    used 17639K, committed 18240K, reserved 1048576K
}
Event: 258.571 GC heap after
{Heap after GC invocations=62 (full 0):
 garbage-first heap   total 557056K, used 147362K [0x0000000600000000, 0x0000000800000000)
  region size 4096K, 1 young (4096K), 1 survivors (4096K)
 Metaspace       used 125531K, committed 126848K, reserved 1179648K
  class space    used 17639K, committed 18240K, reserved 1048576K
}
Event: 268.965 GC heap before
{Heap before GC invocations=63 (full 0):
 garbage-first heap   total 557056K, used 389026K [0x0000000600000000, 0x0000000800000000)
  region size 4096K, 60 young (245760K), 1 survivors (4096K)
 Metaspace       used 139915K, committed 141312K, reserved 1179648K
  class space    used 19123K, committed 19776K, reserved 1048576K
}
Event: 269.207 GC heap after
{Heap after GC invocations=64 (full 0):
 garbage-first heap   total 557056K, used 201029K [0x0000000600000000, 0x0000000800000000)
  region size 4096K, 8 young (32768K), 8 survivors (32768K)
 Metaspace       used 139915K, committed 141312K, reserved 1179648K
  class space    used 19123K, committed 19776K, reserved 1048576K
}
Event: 269.654 GC heap before
{Heap before GC invocations=64 (full 0):
 garbage-first heap   total 557056K, used 205125K [0x0000000600000000, 0x0000000800000000)
  region size 4096K, 9 young (36864K), 8 survivors (32768K)
 Metaspace       used 140370K, committed 141760K, reserved 1179648K
  class space    used 19191K, committed 19840K, reserved 1048576K
}
Event: 270.794 GC heap after
{Heap after GC invocations=65 (full 0):
 garbage-first heap   total 704512K, used 206951K [0x0000000600000000, 0x0000000800000000)
  region size 4096K, 2 young (8192K), 2 survivors (8192K)
 Metaspace       used 140370K, committed 141760K, reserved 1179648K
  class space    used 19191K, committed 19840K, reserved 1048576K
}
Event: 272.807 GC heap before
{Heap before GC invocations=66 (full 0):
 garbage-first heap   total 704512K, used 231527K [0x0000000600000000, 0x0000000800000000)
  region size 4096K, 8 young (32768K), 2 survivors (8192K)
 Metaspace       used 142746K, committed 144064K, reserved 1179648K
  class space    used 19471K, committed 20096K, reserved 1048576K
}
Event: 272.814 GC heap after
{Heap after GC invocations=67 (full 0):
 garbage-first heap   total 704512K, used 205288K [0x0000000600000000, 0x0000000800000000)
  region size 4096K, 1 young (4096K), 1 survivors (4096K)
 Metaspace       used 142746K, committed 144064K, reserved 1179648K
  class space    used 19471K, committed 20096K, reserved 1048576K
}

Deoptimization events (20 events):
Event: 261.523 Thread 0x00000258c6140780 Uncommon trap: trap_request=0xffffffc6 fr.pc=0x0000025810bcf6c4 relative=0x0000000000000284
Event: 261.523 Thread 0x00000258c6140780 Uncommon trap: reason=bimorphic_or_optimized_type_check action=maybe_recompile pc=0x0000025810bcf6c4 method=org.jetbrains.kotlin.com.intellij.openapi.vfs.VfsUtilCore.isAncestor(Lorg/jetbrains/kotlin/com/intellij/openapi/vfs/VirtualFile;Lorg/jetbrains/kotl
Event: 261.523 Thread 0x00000258c6140780 DEOPT PACKING pc=0x0000025810bcf6c4 sp=0x000000feaf8f4bb0
Event: 261.523 Thread 0x00000258c6140780 DEOPT UNPACKING pc=0x000002580fd823a3 sp=0x000000feaf8f4b50 mode 2
Event: 262.099 Thread 0x00000258c6e804a0 DEOPT PACKING pc=0x00000258000e7514 sp=0x000000feaf4ff600
Event: 262.099 Thread 0x00000258c6e804a0 DEOPT UNPACKING pc=0x000002580fd82b43 sp=0x000000feaf4feac0 mode 0
Event: 265.572 Thread 0x00000258c6140780 Uncommon trap: trap_request=0xffffff45 fr.pc=0x0000025810b448b8 relative=0x0000000000000218
Event: 265.572 Thread 0x00000258c6140780 Uncommon trap: reason=unstable_if action=reinterpret pc=0x0000025810b448b8 method=org.jetbrains.kotlin.protobuf.CodedInputStream.readRawVarint32()I @ 69 c2
Event: 265.572 Thread 0x00000258c6140780 DEOPT PACKING pc=0x0000025810b448b8 sp=0x000000feaf8f3c10
Event: 265.574 Thread 0x00000258c6140780 DEOPT UNPACKING pc=0x000002580fd823a3 sp=0x000000feaf8f3b98 mode 2
Event: 266.779 Thread 0x00000258c6140780 Uncommon trap: trap_request=0xffffff45 fr.pc=0x0000025810b7eb48 relative=0x0000000000001b28
Event: 266.779 Thread 0x00000258c6140780 Uncommon trap: reason=unstable_if action=reinterpret pc=0x0000025810b7eb48 method=kotlin.text.StringsKt__IndentKt.replaceIndent(Ljava/lang/String;Ljava/lang/String;)Ljava/lang/String; @ 415 c2
Event: 266.779 Thread 0x00000258c6140780 DEOPT PACKING pc=0x0000025810b7eb48 sp=0x000000feaf8f3370
Event: 266.779 Thread 0x00000258c6140780 DEOPT UNPACKING pc=0x000002580fd823a3 sp=0x000000feaf8f32b8 mode 2
Event: 267.406 Thread 0x00000258c6140780 Uncommon trap: trap_request=0xffffff45 fr.pc=0x0000025810b5dc48 relative=0x0000000000000048
Event: 267.406 Thread 0x00000258c6140780 Uncommon trap: reason=unstable_if action=reinterpret pc=0x0000025810b5dc48 method=kotlin.text.CharsKt__CharKt.equals(CCZ)Z @ 8 c2
Event: 267.406 Thread 0x00000258c6140780 DEOPT PACKING pc=0x0000025810b5dc48 sp=0x000000feaf8f3200
Event: 267.406 Thread 0x00000258c6140780 DEOPT UNPACKING pc=0x000002580fd823a3 sp=0x000000feaf8f3178 mode 2
Event: 268.368 Thread 0x00000258c6140780 DEOPT PACKING pc=0x0000025801bdf924 sp=0x000000feaf8f3410
Event: 268.368 Thread 0x00000258c6140780 DEOPT UNPACKING pc=0x000002580fd82b43 sp=0x000000feaf8f29c0 mode 0

Classes unloaded (0 events):
No events

Classes redefined (0 events):
No events

Internal exceptions (20 events):
Event: 256.403 Thread 0x00000258c6140780 Exception <a 'java/lang/NoSuchMethodError'{0x000000061dd98f70}: 'java.lang.Object java.lang.invoke.DirectMethodHandle$Holder.invokeSpecial(java.lang.Object, java.lang.Object, java.lang.Object, java.lang.Object, long)'> (0x000000061dd98f70) 
thrown [s\open\src\hotspot\share\interpreter\linkResolver.cpp, line 759]
Event: 256.405 Thread 0x00000258c6140780 Exception <a 'java/lang/NoSuchMethodError'{0x000000061dda9888}: 'int java.lang.invoke.DelegatingMethodHandle$Holder.reinvoke_L(java.lang.Object, java.lang.Object, java.lang.Object, long, java.lang.Object, java.lang.Object)'> (0x000000061dda9888) 
thrown [s\open\src\hotspot\share\interpreter\linkResolver.cpp, line 759]
Event: 256.408 Thread 0x00000258c6140780 Exception <a 'java/lang/NoSuchMethodError'{0x000000061ddb97d0}: 'int java.lang.invoke.DelegatingMethodHandle$Holder.reinvoke_L(java.lang.Object, java.lang.Object, java.lang.Object, long, int, int)'> (0x000000061ddb97d0) 
thrown [s\open\src\hotspot\share\interpreter\linkResolver.cpp, line 759]
Event: 256.409 Thread 0x00000258c6140780 Exception <a 'java/lang/NoSuchMethodError'{0x000000061ddc9808}: 'int java.lang.invoke.DelegatingMethodHandle$Holder.reinvoke_L(java.lang.Object, java.lang.Object, java.lang.Object, long, long, long)'> (0x000000061ddc9808) 
thrown [s\open\src\hotspot\share\interpreter\linkResolver.cpp, line 759]
Event: 256.413 Thread 0x00000258c6140780 Exception <a 'java/lang/NoSuchMethodError'{0x000000061ddd91e8}: 'int java.lang.invoke.DelegatingMethodHandle$Holder.reinvoke_L(java.lang.Object, java.lang.Object, java.lang.Object, long, int)'> (0x000000061ddd91e8) 
thrown [s\open\src\hotspot\share\interpreter\linkResolver.cpp, line 759]
Event: 256.417 Thread 0x00000258c6140780 Exception <a 'java/lang/NoSuchMethodError'{0x000000061ddf0960}: 'void java.lang.invoke.DelegatingMethodHandle$Holder.reinvoke_L(java.lang.Object, java.lang.Object, java.lang.Object, long, java.lang.Object, long, long)'> (0x000000061ddf0960) 
thrown [s\open\src\hotspot\share\interpreter\linkResolver.cpp, line 759]
Event: 256.419 Thread 0x00000258c6140780 Exception <a 'java/lang/NoSuchMethodError'{0x000000061ddf8d40}: 'long java.lang.invoke.Invokers$Holder.invokeExact_MT(java.lang.Object, java.lang.Object, java.lang.Object)'> (0x000000061ddf8d40) 
thrown [s\open\src\hotspot\share\interpreter\linkResolver.cpp, line 759]
Event: 256.420 Thread 0x00000258c6140780 Exception <a 'java/lang/NoSuchMethodError'{0x000000061ddfdee8}: 'int java.lang.invoke.Invokers$Holder.invokeExact_MT(java.lang.Object, java.lang.Object, java.lang.Object)'> (0x000000061ddfdee8) 
thrown [s\open\src\hotspot\share\interpreter\linkResolver.cpp, line 759]
Event: 256.586 Thread 0x00000258c6140780 Exception <a 'java/lang/NoSuchMethodError'{0x000000061d9a89c8}: 'java.lang.Object java.lang.invoke.DirectMethodHandle$Holder.invokeStatic(java.lang.Object, java.lang.Object, int, java.lang.Object, int)'> (0x000000061d9a89c8) 
thrown [s\open\src\hotspot\share\interpreter\linkResolver.cpp, line 759]
Event: 257.912 Thread 0x00000258c6140780 Exception <a 'java/lang/NoSuchMethodError'{0x00000006207e9a50}: 'java.lang.Object java.lang.invoke.DirectMethodHandle$Holder.invokeStatic(java.lang.Object, java.lang.Object, java.lang.Object, java.lang.Object, int, java.lang.Object)'> (0x00000006207e9a50) 
thrown [s\open\src\hotspot\share\interpreter\linkResolver.cpp, line 759]
Event: 258.031 Thread 0x00000258c6140780 Exception <a 'java/lang/NoSuchMethodError'{0x0000000620120150}: 'java.lang.Object java.lang.invoke.Invokers$Holder.invoke_MT(java.lang.Object, java.lang.Object, java.lang.Object)'> (0x0000000620120150) 
thrown [s\open\src\hotspot\share\interpreter\linkResolver.cpp, line 759]
Event: 258.688 Thread 0x00000258c6140780 Exception <a 'java/lang/NoSuchMethodError'{0x000000062184bad8}: 'java.lang.Object java.lang.invoke.Invokers$Holder.invokeExact_MT(java.lang.Object, java.lang.Object, long, java.lang.Object)'> (0x000000062184bad8) 
thrown [s\open\src\hotspot\share\interpreter\linkResolver.cpp, line 759]
Event: 258.690 Thread 0x00000258c6140780 Exception <a 'java/lang/NoSuchMethodError'{0x0000000621862678}: 'void java.lang.invoke.Invokers$Holder.invokeExact_MT(java.lang.Object, java.lang.Object, long, java.lang.Object, java.lang.Object)'> (0x0000000621862678) 
thrown [s\open\src\hotspot\share\interpreter\linkResolver.cpp, line 759]
Event: 258.832 Thread 0x00000258c6140780 Exception <a 'java/lang/NoSuchMethodError'{0x0000000621668698}: 'java.lang.Object java.lang.invoke.DirectMethodHandle$Holder.invokeStatic(java.lang.Object, java.lang.Object, long, long)'> (0x0000000621668698) 
thrown [s\open\src\hotspot\share\interpreter\linkResolver.cpp, line 759]
Event: 258.847 Thread 0x00000258c6140780 Exception <a 'java/lang/NoSuchMethodError'{0x00000006216b93f0}: 'java.lang.Object java.lang.invoke.DirectMethodHandle$Holder.invokeStatic(java.lang.Object, java.lang.Object, java.lang.Object, long, java.lang.Object)'> (0x00000006216b93f0) 
thrown [s\open\src\hotspot\share\interpreter\linkResolver.cpp, line 759]
Event: 258.848 Thread 0x00000258c6140780 Exception <a 'java/lang/NoSuchMethodError'{0x00000006216c2418}: 'java.lang.Object java.lang.invoke.DirectMethodHandle$Holder.newInvokeSpecial(java.lang.Object, java.lang.Object, java.lang.Object, long)'> (0x00000006216c2418) 
thrown [s\open\src\hotspot\share\interpreter\linkResolver.cpp, line 759]
Event: 258.849 Thread 0x00000258c6140780 Exception <a 'java/lang/NoSuchMethodError'{0x00000006216c7978}: 'java.lang.Object java.lang.invoke.Invokers$Holder.linkToTargetMethod(java.lang.Object, java.lang.Object, long, java.lang.Object)'> (0x00000006216c7978) 
thrown [s\open\src\hotspot\share\interpreter\linkResolver.cpp, line 759]
Event: 259.257 Thread 0x00000258c6140780 Implicit null exception at 0x0000025810bb6732 to 0x0000025810bb6ad0
Event: 260.234 Thread 0x00000258c6140780 Exception <a 'java/lang/NoSuchMethodError'{0x000000061a21b640}: 'int java.lang.invoke.DirectMethodHandle$Holder.invokeSpecial(java.lang.Object, java.lang.Object, int, int)'> (0x000000061a21b640) 
thrown [s\open\src\hotspot\share\interpreter\linkResolver.cpp, line 759]
Event: 267.413 Thread 0x00000258c6140780 Exception <a 'java/lang/NoSuchMethodError'{0x00000006140cd768}: 'int java.lang.invoke.DirectMethodHandle$Holder.invokeStaticInit(java.lang.Object, int)'> (0x00000006140cd768) 
thrown [s\open\src\hotspot\share\interpreter\linkResolver.cpp, line 759]

VM Operations (20 events):
Event: 266.397 Executing VM operation: Cleanup
Event: 266.398 Executing VM operation: Cleanup done
Event: 266.779 Executing VM operation: HandshakeAllThreads
Event: 266.782 Executing VM operation: HandshakeAllThreads done
Event: 267.791 Executing VM operation: Cleanup
Event: 267.792 Executing VM operation: Cleanup done
Event: 268.367 Executing VM operation: HandshakeAllThreads
Event: 268.368 Executing VM operation: HandshakeAllThreads done
Event: 268.961 Executing VM operation: G1CollectForAllocation
Event: 269.208 Executing VM operation: G1CollectForAllocation done
Event: 269.651 Executing VM operation: G1CollectForAllocation
Event: 270.795 Executing VM operation: G1CollectForAllocation done
Event: 271.425 Executing VM operation: G1Concurrent
Event: 271.501 Executing VM operation: G1Concurrent done
Event: 271.621 Executing VM operation: G1Concurrent
Event: 271.640 Executing VM operation: G1Concurrent done
Event: 272.666 Executing VM operation: Cleanup
Event: 272.680 Executing VM operation: Cleanup done
Event: 272.806 Executing VM operation: G1CollectForAllocation
Event: 272.814 Executing VM operation: G1CollectForAllocation done

Events (20 events):
Event: 266.853 Thread 0x000002587d2d9810 flushing nmethod 0x0000025801bdcb10
Event: 266.853 Thread 0x000002587d2d9810 flushing nmethod 0x0000025801bdd390
Event: 266.853 Thread 0x000002587d2d9810 flushing nmethod 0x0000025801be2a10
Event: 266.853 Thread 0x000002587d2d9810 flushing nmethod 0x0000025801be4590
Event: 266.853 Thread 0x000002587d2d9810 flushing nmethod 0x0000025801be4e90
Event: 266.853 Thread 0x000002587d2d9810 flushing nmethod 0x0000025801be5690
Event: 266.853 Thread 0x000002587d2d9810 flushing nmethod 0x0000025801be6990
Event: 266.853 Thread 0x000002587d2d9810 flushing nmethod 0x0000025801be7510
Event: 266.853 Thread 0x000002587d2d9810 flushing nmethod 0x0000025801bea490
Event: 266.853 Thread 0x000002587d2d9810 flushing nmethod 0x0000025801beab10
Event: 266.853 Thread 0x000002587d2d9810 flushing nmethod 0x0000025801bec090
Event: 266.853 Thread 0x000002587d2d9810 flushing nmethod 0x0000025801bec510
Event: 266.853 Thread 0x000002587d2d9810 flushing nmethod 0x0000025801bed390
Event: 266.853 Thread 0x000002587d2d9810 flushing nmethod 0x0000025801bee210
Event: 269.281 loading class java/text/StringCharacterIterator
Event: 269.285 loading class java/text/CharacterIterator
Event: 269.287 loading class java/text/CharacterIterator done
Event: 269.288 loading class java/text/StringCharacterIterator done
Event: 272.167 loading class java/util/PriorityQueue
Event: 272.173 loading class java/util/PriorityQueue done


Dynamic libraries:
0x00007ff648000000 - 0x00007ff648010000 	C:\Program Files\Java\jdk-17\bin\java.exe
0x00007ffcf0000000 - 0x00007ffcf0266000 	C:\Windows\SYSTEM32\ntdll.dll
0x00007ffcef1d0000 - 0x00007ffcef299000 	C:\Windows\System32\KERNEL32.DLL
0x00007ffced790000 - 0x00007ffcedb8f000 	C:\Windows\System32\KERNELBASE.dll
0x00007ffced420000 - 0x00007ffced56c000 	C:\Windows\System32\ucrtbase.dll
0x00007ffca2540000 - 0x00007ffca255b000 	C:\Program Files\Java\jdk-17\bin\VCRUNTIME140.dll
0x00007ffc9e330000 - 0x00007ffc9e349000 	C:\Program Files\Java\jdk-17\bin\jli.dll
0x00007ffceef00000 - 0x00007ffceefbc000 	C:\Windows\System32\ADVAPI32.dll
0x00007ffcee7c0000 - 0x00007ffcee869000 	C:\Windows\System32\msvcrt.dll
0x00007ffcedd30000 - 0x00007ffceddda000 	C:\Windows\System32\sechost.dll
0x00007ffcedee0000 - 0x00007ffcedff8000 	C:\Windows\System32\RPCRT4.dll
0x00007ffcee5f0000 - 0x00007ffcee7b6000 	C:\Windows\System32\USER32.dll
0x00007ffced210000 - 0x00007ffced237000 	C:\Windows\System32\win32u.dll
0x00007ffcef480000 - 0x00007ffcef4ab000 	C:\Windows\System32\GDI32.dll
0x00007ffced2f0000 - 0x00007ffced419000 	C:\Windows\System32\gdi32full.dll
0x00007ffced240000 - 0x00007ffced2e3000 	C:\Windows\System32\msvcp_win.dll
0x00007ffcd1bd0000 - 0x00007ffcd1e61000 	C:\Windows\WinSxS\amd64_microsoft.windows.common-controls_6595b64144ccf1df_6.0.26100.8972_none_3e0da176e32f9d4b\COMCTL32.dll
0x00007ffcd4810000 - 0x00007ffcd481b000 	C:\Windows\SYSTEM32\VERSION.dll
0x00007ffcef6a0000 - 0x00007ffcef6d2000 	C:\Windows\System32\IMM32.DLL
0x00007ffcad0c0000 - 0x00007ffcad0cc000 	C:\Program Files\Java\jdk-17\bin\vcruntime140_1.dll
0x00007ffc4d8f0000 - 0x00007ffc4d97e000 	C:\Program Files\Java\jdk-17\bin\msvcp140.dll
0x00007ffbdd840000 - 0x00007ffbde420000 	C:\Program Files\Java\jdk-17\bin\server\jvm.dll
0x00007ffceeef0000 - 0x00007ffceeef8000 	C:\Windows\System32\PSAPI.DLL
0x00007ffce40f0000 - 0x00007ffce4126000 	C:\Windows\SYSTEM32\WINMM.dll
0x00007ffce78d0000 - 0x00007ffce78da000 	C:\Windows\SYSTEM32\WSOCK32.dll
0x00007ffceefd0000 - 0x00007ffcef052000 	C:\Windows\System32\WS2_32.dll
0x00007ffcebf00000 - 0x00007ffcebf1b000 	C:\Windows\SYSTEM32\kernel.appcore.dll
0x00007ffca23a0000 - 0x00007ffca23aa000 	C:\Program Files\Java\jdk-17\bin\jimage.dll
0x00007ffcea8c0000 - 0x00007ffceab02000 	C:\Windows\SYSTEM32\DBGHELP.DLL
0x00007ffcee890000 - 0x00007ffceec15000 	C:\Windows\System32\combase.dll
0x00007ffcef2a0000 - 0x00007ffcef379000 	C:\Windows\System32\OLEAUT32.dll
0x00007ffcd1930000 - 0x00007ffcd196b000 	C:\Windows\SYSTEM32\dbgcore.DLL
0x00007ffced580000 - 0x00007ffced62c000 	C:\Windows\System32\bcryptPrimitives.dll
0x00007ffc9e610000 - 0x00007ffc9e61e000 	C:\Program Files\Java\jdk-17\bin\instrument.dll
0x00007ffc94570000 - 0x00007ffc94595000 	C:\Program Files\Java\jdk-17\bin\java.dll
0x00007ffc4b5a0000 - 0x00007ffc4b677000 	C:\Program Files\Java\jdk-17\bin\jsvml.dll
0x00007ffcef6e0000 - 0x00007ffcefe68000 	C:\Windows\System32\SHELL32.dll
0x00007ffceac90000 - 0x00007ffceb52b000 	C:\Windows\SYSTEM32\windows.storage.dll
0x00007ffceedc0000 - 0x00007ffceeeb9000 	C:\Windows\System32\SHCORE.dll
0x00007ffcef380000 - 0x00007ffcef3e6000 	C:\Windows\System32\shlwapi.dll
0x00007ffced130000 - 0x00007ffced159000 	C:\Windows\SYSTEM32\profapi.dll
0x00007ffc94f70000 - 0x00007ffc94f88000 	C:\Program Files\Java\jdk-17\bin\zip.dll
0x00007ffc92090000 - 0x00007ffc920a9000 	C:\Program Files\Java\jdk-17\bin\net.dll
0x00007ffce5330000 - 0x00007ffce5458000 	C:\Windows\SYSTEM32\WINHTTP.dll
0x00007ffcec4b0000 - 0x00007ffcec51c000 	C:\Windows\system32\mswsock.dll
0x00007ffc915d0000 - 0x00007ffc915e6000 	C:\Program Files\Java\jdk-17\bin\nio.dll
0x00007ffc9e320000 - 0x00007ffc9e330000 	C:\Program Files\Java\jdk-17\bin\verify.dll
0x00007ffca9110000 - 0x00007ffca9137000 	C:\Users\mmich\.gradle\native\1def1411415f61bf3af743bc5b6707747c0891f09f0c88961ee8f79bc544acac\windows-amd64\native-platform.dll
0x00007ffc557a0000 - 0x00007ffc55817000 	C:\Users\mmich\.gradle\native\0.2.8\x86_64-windows-gnu\gradle-fileevents.dll
0x00007ffc9d3c0000 - 0x00007ffc9d3ca000 	C:\Program Files\Java\jdk-17\bin\management.dll
0x00007ffc96fd0000 - 0x00007ffc96fdb000 	C:\Program Files\Java\jdk-17\bin\management_ext.dll
0x00007ffceb880000 - 0x00007ffceb8b3000 	C:\Windows\SYSTEM32\IPHLPAPI.DLL
0x00007ffceffb0000 - 0x00007ffceffba000 	C:\Windows\System32\NSI.dll
0x00007ffce6870000 - 0x00007ffce688d000 	C:\Windows\SYSTEM32\dhcpcsvc6.DLL
0x00007ffce6570000 - 0x00007ffce6595000 	C:\Windows\SYSTEM32\dhcpcsvc.DLL
0x00007ffceb8c0000 - 0x00007ffceba18000 	C:\Windows\SYSTEM32\DNSAPI.dll
0x00007ffcec240000 - 0x00007ffcec24d000 	C:\Windows\SYSTEM32\DSPARSE.dll
0x00007ffcec7c0000 - 0x00007ffcec7db000 	C:\Windows\SYSTEM32\CRYPTSP.dll
0x00007ffcebe40000 - 0x00007ffcebe79000 	C:\Windows\system32\rsaenh.dll
0x00007ffcec560000 - 0x00007ffcec592000 	C:\Windows\SYSTEM32\USERENV.dll
0x00007ffced100000 - 0x00007ffced12a000 	C:\Windows\SYSTEM32\bcrypt.dll
0x00007ffcec7a0000 - 0x00007ffcec7ac000 	C:\Windows\SYSTEM32\CRYPTBASE.dll
0x00007ffcd56a0000 - 0x00007ffcd56ae000 	C:\Program Files\Java\jdk-17\bin\sunmscapi.dll
0x00007ffcedba0000 - 0x00007ffcedd1e000 	C:\Windows\System32\CRYPT32.dll
0x00007ffcec9e0000 - 0x00007ffceca10000 	C:\Windows\SYSTEM32\ncrypt.dll
0x00007ffcec990000 - 0x00007ffcec9cf000 	C:\Windows\SYSTEM32\NTASN1.dll
0x00007ffcdb8b0000 - 0x00007ffcdb8b8000 	C:\Windows\system32\wshunix.dll
0x00007ffcd5690000 - 0x00007ffcd5697000 	C:\Program Files\Java\jdk-17\bin\rmi.dll

dbghelp: loaded successfully - version: 4.0.5 - missing functions: none
symbol engine: initialized successfully - sym options: 0x614 - pdb path: .;C:\Program Files\Java\jdk-17\bin;C:\Windows\SYSTEM32;C:\Windows\WinSxS\amd64_microsoft.windows.common-controls_6595b64144ccf1df_6.0.26100.8972_none_3e0da176e32f9d4b;C:\Program Files\Java\jdk-17\bin\server;C:\Users\mmich\.gradle\native\1def1411415f61bf3af743bc5b6707747c0891f09f0c88961ee8f79bc544acac\windows-amd64;C:\Users\mmich\.gradle\native\0.2.8\x86_64-windows-gnu

VM Arguments:
jvm_args: --add-opens=java.base/java.lang=ALL-UNNAMED --add-opens=java.base/java.lang.invoke=ALL-UNNAMED --add-opens=java.base/java.util=ALL-UNNAMED --add-opens=java.prefs/java.util.prefs=ALL-UNNAMED --add-exports=jdk.compiler/com.sun.tools.javac.api=ALL-UNNAMED --add-exports=jdk.compiler/com.sun.tools.javac.util=ALL-UNNAMED --add-opens=java.base/java.util=ALL-UNNAMED --add-opens=java.prefs/java.util.prefs=ALL-UNNAMED --add-opens=java.base/java.nio.charset=ALL-UNNAMED --add-opens=java.base/java.net=ALL-UNNAMED --add-opens=java.base/java.util.concurrent=ALL-UNNAMED --add-opens=java.base/java.util.concurrent.atomic=ALL-UNNAMED --add-opens=java.xml/javax.xml.namespace=ALL-UNNAMED --add-opens=java.base/java.time=ALL-UNNAMED -XX:MaxMetaspaceSize=4G -XX:ReservedCodeCacheSize=512m -XX:+HeapDumpOnOutOfMemoryError -Xmx8G -Dfile.encoding=UTF-8 -Duser.country=IN -Duser.language=en -Duser.variant -javaagent:C:\Users\mmich\.gradle\wrapper\dists\gradle-9.1.0-all\7wzd0jkjit61aq2p43wpjgij9\gradle-9.1.0\lib\agents\gradle-instrumentation-agent-9.1.0.jar 
java_command: org.gradle.launcher.daemon.bootstrap.GradleDaemon 9.1.0
java_class_path (initial): C:\Users\mmich\.gradle\wrapper\dists\gradle-9.1.0-all\7wzd0jkjit61aq2p43wpjgij9\gradle-9.1.0\lib\gradle-daemon-main-9.1.0.jar
Launcher Type: SUN_STANDARD

[Global flags]
     intx CICompilerCount                          = 4                                         {product} {ergonomic}
     uint ConcGCThreads                            = 3                                         {product} {ergonomic}
     uint G1ConcRefinementThreads                  = 10                                        {product} {ergonomic}
   size_t G1HeapRegionSize                         = 4194304                                   {product} {ergonomic}
    uintx GCDrainStackTargetSize                   = 64                                        {product} {ergonomic}
     bool HeapDumpOnOutOfMemoryError               = true                                   {manageable} {command line}
   size_t InitialHeapSize                          = 130023424                                 {product} {ergonomic}
   size_t MarkStackSize                            = 4194304                                   {product} {ergonomic}
   size_t MaxHeapSize                              = 8589934592                                {product} {command line}
   size_t MaxMetaspaceSize                         = 4294967296                                {product} {command line}
   size_t MaxNewSize                               = 5150605312                                {product} {ergonomic}
   size_t MinHeapDeltaBytes                        = 4194304                                   {product} {ergonomic}
   size_t MinHeapSize                              = 8388608                                   {product} {ergonomic}
    uintx NonNMethodCodeHeapSize                   = 5839372                                {pd product} {ergonomic}
    uintx NonProfiledCodeHeapSize                  = 265515770                              {pd product} {ergonomic}
    uintx ProfiledCodeHeapSize                     = 265515770                              {pd product} {ergonomic}
    uintx ReservedCodeCacheSize                    = 536870912                              {pd product} {command line}
     bool SegmentedCodeCache                       = true                                      {product} {ergonomic}
   size_t SoftMaxHeapSize                          = 8589934592                             {manageable} {ergonomic}
   double SweeperThreshold                         = 0.234375                                  {product} {ergonomic}
     bool UseCompressedClassPointers               = true                           {product lp64_product} {ergonomic}
     bool UseCompressedOops                        = true                           {product lp64_product} {ergonomic}
     bool UseG1GC                                  = true                                      {product} {ergonomic}
     bool UseLargePagesIndividualAllocation        = false                                  {pd product} {ergonomic}

Logging:
Log output configuration:
 #0: stdout all=warning uptime,level,tags
 #1: stderr all=off uptime,level,tags

Environment Variables:
PATH=C:\Program Files\Common Files\Oracle\Java\javapath;C:\Python313\Scripts\;C:\Python313\;C:\Windows\system32;C:\Windows;C:\Windows\System32\Wbem;C:\Windows\System32\WindowsPowerShell\v1.0\;C:\Windows\System32\OpenSSH\;C:\Program Files\dotnet\;C:\Program Files\nodejs\;C:\ProgramData\chocolatey\bin;C:\Program Files\Git\cmd;C:\Program Files\Java\jdk-17\bin;C:\Program Files (x86)\Microsoft SQL Server\160\Tools\Binn\;C:\Program Files\Microsoft SQL Server\160\Tools\Binn\;C:\Program Files\Microsoft SQL Server\Client SDK\ODBC\170\Tools\Binn\;C:\Program Files\Microsoft SQL Server\160\DTS\Binn\;C:\Program Files (x86)\Microsoft SQL Server\160\DTS\Binn\;C:\Program Files\Microsoft SQL Server\150\Tools\Binn\;C:\Program Files (x86)\Windows Kits\10\Windows Performance Toolkit\;C:\Users\mmich\AppData\Local\Microsoft\WindowsApps;C:\Users\mmich\AppData\Local\Programs\Microsoft VS Code\bin;C:\Users\mmich\AppData\Roaming\npm;C:\xampp\php;C:\Users\mmich\AppData\Local\ComposerSetup\bin;C:\Users\mmich\AppData\Roaming\Composer\vendor\bin;C:\Users\mmich\.dotnet\tools;C:\Development\flutter\bin;C:\Program Files\apache-maven-3.9.16\bin;
USERNAME=mmich
OS=Windows_NT
PROCESSOR_IDENTIFIER=Intel64 Family 6 Model 186 Stepping 3, GenuineIntel



---------------  S Y S T E M  ---------------

OS:
 Windows 11 , 64 bit Build 26100 (10.0.26100.9168)
OS uptime: 0 days 3:01 hours
Hyper-V role detected

CPU: total 12 (initial active 12) (6 cores per cpu, 2 threads per core) family 6 model 186 stepping 3 microcode 0x6134, cx8, cmov, fxsr, ht, mmx, 3dnowpref, sse, sse2, sse3, ssse3, sse4.1, sse4.2, popcnt, lzcnt, tsc, tscinvbit, avx, avx2, aes, erms, clmul, bmi1, bmi2, adx, sha, fma, vzeroupper, clflush, clflushopt, clwb, hv

Memory: 4k page, system-wide physical 7876M (304M free)
TotalPageFile size 32452M (AvailPageFile size 0M)
current process WorkingSet (physical memory assigned to process): 468M, peak: 506M
current process commit charge ("private bytes"): 1103M, peak: 1107M

vm_info: Java HotSpot(TM) 64-Bit Server VM (17.0.12+8-LTS-286) for windows-amd64 JRE (17.0.12+8-LTS-286), built on Jun  5 2024 06:46:59 by "mach5one" with MS VC++ 17.6 (VS2022)

END.
