#
# There is insufficient memory for the Java Runtime Environment to continue.
# Native memory allocation (mmap) failed to map 33554432 bytes for G1 virtual space
# Possible reasons:
#   The system is out of physical RAM or swap space
#   The process is running with CompressedOops enabled, and the Java Heap may be blocking the growth of the native heap
# Possible solutions:
#   Reduce memory load on the system
#   Increase physical memory or swap space
#   Check if swap backing store is full
#   Decrease Java heap size (-Xmx/-Xms)
#   Decrease number of Java threads
#   Decrease Java thread stack sizes (-Xss)
#   Set larger code cache with -XX:ReservedCodeCacheSize=
#   JVM is running with Zero Based Compressed Oops mode in which the Java heap is
#     placed in the first 32GB address space. The Java Heap base address is the
#     maximum limit for the native heap growth. Please use -XX:HeapBaseMinAddress
#     to set the Java Heap base and to place the Java Heap above 32GB virtual address.
# This output file may be truncated or incomplete.
#
#  Out of Memory Error (os_windows.cpp:3548), pid=29952, tid=32252
#
# JRE version: Java(TM) SE Runtime Environment (17.0.12+8) (build 17.0.12+8-LTS-286)
# Java VM: Java HotSpot(TM) 64-Bit Server VM (17.0.12+8-LTS-286, mixed mode, sharing, tiered, compressed oops, compressed class ptrs, g1 gc, windows-amd64)
# No core dump will be written. Minidumps are not enabled by default on client versions of Windows
#

---------------  S U M M A R Y ------------

Command Line: --add-opens=java.base/java.lang=ALL-UNNAMED --add-opens=java.base/java.lang.invoke=ALL-UNNAMED --add-opens=java.base/java.util=ALL-UNNAMED --add-opens=java.prefs/java.util.prefs=ALL-UNNAMED --add-exports=jdk.compiler/com.sun.tools.javac.api=ALL-UNNAMED --add-exports=jdk.compiler/com.sun.tools.javac.util=ALL-UNNAMED --add-opens=java.base/java.util=ALL-UNNAMED --add-opens=java.prefs/java.util.prefs=ALL-UNNAMED --add-opens=java.base/java.nio.charset=ALL-UNNAMED --add-opens=java.base/java.net=ALL-UNNAMED --add-opens=java.base/java.util.concurrent.atomic=ALL-UNNAMED --add-opens=java.xml/javax.xml.namespace=ALL-UNNAMED -XX:MaxMetaspaceSize=1024m -XX:+HeapDumpOnOutOfMemoryError -Xmx3072m -Dfile.encoding=UTF-8 -Duser.country=IN -Duser.language=en -Duser.variant -javaagent:C:\Users\mmich\.gradle\wrapper\dists\gradle-8.14-all\c2qonpi39x1mddn7hk5gh9iqj\gradle-8.14\lib\agents\gradle-instrumentation-agent-8.14.jar org.gradle.launcher.daemon.bootstrap.GradleDaemon 8.14

Host: 13th Gen Intel(R) Core(TM) i5-1334U, 12 cores, 7G,  Windows 11 , 64 bit Build 26100 (10.0.26100.9168)
Time: Fri Aug 14 14:52:21 2026 India Standard Time elapsed time: 231.996296 seconds (0d 0h 3m 51s)

---------------  T H R E A D  ---------------

Current thread (0x0000015345a25850):  VMThread "VM Thread" [stack: 0x0000000456e00000,0x0000000456f00000] [id=32252]

Stack: [0x0000000456e00000,0x0000000456f00000]
Native frames: (J=compiled Java code, j=interpreted, Vv=VM code, C=native code)
V  [jvm.dll+0x67a04a]
V  [jvm.dll+0x7da4ed]
V  [jvm.dll+0x7dbe33]
V  [jvm.dll+0x7dc4a3]
V  [jvm.dll+0x24508f]
V  [jvm.dll+0x677089]
V  [jvm.dll+0x66bd32]
V  [jvm.dll+0x301fa6]
V  [jvm.dll+0x309546]
V  [jvm.dll+0x359d2e]
V  [jvm.dll+0x359f5f]
V  [jvm.dll+0x2d9078]
V  [jvm.dll+0x2d74ad]
V  [jvm.dll+0x2d6afc]
V  [jvm.dll+0x31a65b]
V  [jvm.dll+0x7e0d9b]
V  [jvm.dll+0x7e1ad4]
V  [jvm.dll+0x7e1fed]
V  [jvm.dll+0x7e23c4]
V  [jvm.dll+0x7e2490]
V  [jvm.dll+0x78abea]
V  [jvm.dll+0x678f35]
C  [ucrtbase.dll+0x2cd30]
C  [KERNEL32.DLL+0x2ccb7]
C  [ntdll.dll+0xaad6c]

VM_Operation (0x00000004588fe410): G1CollectForAllocation, mode: safepoint, requested by thread 0x0000015345f5b750


---------------  P R O C E S S  ---------------

Threads class SMR info:
_java_thread_list=0x0000015304eda450, length=66, elements={
0x0000015324de9990, 0x0000015345a2a550, 0x0000015345a2b020, 0x0000015345a3f460,
0x0000015345a3fd30, 0x0000015345a42a10, 0x0000015345a43a80, 0x0000015345a44680,
0x0000015345a51760, 0x0000015345a52070, 0x0000015345a17760, 0x0000015345d327a0,
0x0000015300c5b530, 0x0000015345c851a0, 0x00000153001c5080, 0x00000153000b4db0,
0x0000015345f35430, 0x0000015345f5b240, 0x0000015345f5c170, 0x0000015345f5dfd0,
0x0000015345f5d0a0, 0x0000015345f5b750, 0x0000015345f5bc60, 0x0000015345f5c680,
0x0000015345f5cb90, 0x0000015345f5d5b0, 0x0000015345f5dac0, 0x0000015345f5e4e0,
0x0000015301b94e40, 0x0000015301b98b00, 0x0000015301b985f0, 0x0000015301b95860,
0x0000015301b96280, 0x0000015301b96ca0, 0x0000015301b95350, 0x0000015301b99010,
0x0000015301b99520, 0x0000015301b99f40, 0x0000015301b980e0, 0x0000015301b976c0,
0x0000015301b9ae70, 0x0000015301b99a30, 0x0000015301b9a960, 0x0000015301b9a450,
0x0000015301b9b380, 0x0000015301b97bd0, 0x0000015301b9c2b0, 0x0000015301b9b890,
0x0000015301b9bda0, 0x0000015301b9c7c0, 0x000001530531e020, 0x000001530531ea40,
0x0000015305321ce0, 0x00000153053221f0, 0x0000015305322700, 0x000001530531f970,
0x000001530531ef50, 0x000001530531fe80, 0x0000015305323630, 0x0000015305320390,
0x0000015305324f80, 0x0000015305324560, 0x0000015305325490, 0x0000015305320db0,
0x0000015305324a70, 0x00000153053259a0
}

Java Threads: ( => current thread )
  0x0000015324de9990 JavaThread "main" [_thread_blocked, id=10864, stack(0x0000000456800000,0x0000000456900000)]
  0x0000015345a2a550 JavaThread "Reference Handler" daemon [_thread_blocked, id=22168, stack(0x0000000456f00000,0x0000000457000000)]
  0x0000015345a2b020 JavaThread "Finalizer" daemon [_thread_blocked, id=28472, stack(0x0000000457000000,0x0000000457100000)]
  0x0000015345a3f460 JavaThread "Signal Dispatcher" daemon [_thread_blocked, id=25436, stack(0x0000000457100000,0x0000000457200000)]
  0x0000015345a3fd30 JavaThread "Attach Listener" daemon [_thread_blocked, id=30764, stack(0x0000000457200000,0x0000000457300000)]
  0x0000015345a42a10 JavaThread "Service Thread" daemon [_thread_blocked, id=32144, stack(0x0000000457300000,0x0000000457400000)]
  0x0000015345a43a80 JavaThread "Monitor Deflation Thread" daemon [_thread_blocked, id=2992, stack(0x0000000457400000,0x0000000457500000)]
  0x0000015345a44680 JavaThread "C2 CompilerThread0" daemon [_thread_blocked, id=28964, stack(0x0000000457500000,0x0000000457600000)]
  0x0000015345a51760 JavaThread "C1 CompilerThread0" daemon [_thread_blocked, id=32140, stack(0x0000000457600000,0x0000000457700000)]
  0x0000015345a52070 JavaThread "Sweeper thread" daemon [_thread_blocked, id=25820, stack(0x0000000457700000,0x0000000457800000)]
  0x0000015345a17760 JavaThread "Common-Cleaner" daemon [_thread_blocked, id=15180, stack(0x0000000457800000,0x0000000457900000)]
  0x0000015345d327a0 JavaThread "Notification Thread" daemon [_thread_blocked, id=2156, stack(0x0000000457900000,0x0000000457a00000)]
  0x0000015300c5b530 JavaThread "Daemon health stats" [_thread_blocked, id=26960, stack(0x0000000457f00000,0x0000000458000000)]
  0x0000015345c851a0 JavaThread "Incoming local TCP Connector on port 51230" [_thread_in_native, id=32192, stack(0x0000000458000000,0x0000000458100000)]
  0x00000153001c5080 JavaThread "Daemon periodic checks" [_thread_blocked, id=29224, stack(0x0000000458100000,0x0000000458200000)]
  0x00000153000b4db0 JavaThread "Daemon" [_thread_blocked, id=11288, stack(0x0000000458200000,0x0000000458300000)]
  0x0000015345f35430 JavaThread "Handler for socket connection from /127.0.0.1:51230 to /127.0.0.1:51231" [_thread_in_native, id=23296, stack(0x0000000458300000,0x0000000458400000)]
  0x0000015345f5b240 JavaThread "Cancel handler" [_thread_blocked, id=10984, stack(0x0000000458400000,0x0000000458500000)]
  0x0000015345f5c170 JavaThread "Daemon worker" [_thread_blocked, id=21484, stack(0x0000000458500000,0x0000000458600000)]
  0x0000015345f5dfd0 JavaThread "Asynchronous log dispatcher for DefaultDaemonConnection: socket connection from /127.0.0.1:51230 to /127.0.0.1:51231" [_thread_blocked, id=19340, stack(0x0000000458600000,0x0000000458700000)]
  0x0000015345f5d0a0 JavaThread "Stdin handler" [_thread_blocked, id=22680, stack(0x0000000458700000,0x0000000458800000)]
  0x0000015345f5b750 JavaThread "Daemon client event forwarder" [_thread_blocked, id=396, stack(0x0000000458800000,0x0000000458900000)]
  0x0000015345f5bc60 JavaThread "Cache worker for journal cache (C:\Users\mmich\.gradle\caches\journal-1)" [_thread_blocked, id=25136, stack(0x0000000458900000,0x0000000458a00000)]
  0x0000015345f5c680 JavaThread "File lock request listener" [_thread_in_native, id=20900, stack(0x0000000458a00000,0x0000000458b00000)]
  0x0000015345f5cb90 JavaThread "Cache worker for file hash cache (C:\Users\mmich\.gradle\caches\8.14\fileHashes)" [_thread_blocked, id=21956, stack(0x0000000458b00000,0x0000000458c00000)]
  0x0000015345f5d5b0 JavaThread "Cache worker for file hash cache (C:\Users\mmich\OneDrive\Documents\coding\GD\Go-digital- software\client-repository\frontend\user_mobile\android\.gradle\8.14\fileHashes)" [_thread_blocked, id=14684, stack(0x0000000459100000,0x0000000459200000)]
  0x0000015345f5dac0 JavaThread "Cache worker for Build Output Cleanup Cache (C:\Users\mmich\OneDrive\Documents\coding\GD\Go-digital- software\client-repository\frontend\user_mobile\android\.gradle\buildOutputCleanup)" [_thread_blocked, id=32604, stack(0x0000000459200000,0x0000000459300000)]
  0x0000015345f5e4e0 JavaThread "File watcher server" daemon [_thread_in_native, id=11424, stack(0x0000000459500000,0x0000000459600000)]
  0x0000015301b94e40 JavaThread "File watcher consumer" daemon [_thread_blocked, id=24800, stack(0x0000000459600000,0x0000000459700000)]
  0x0000015301b98b00 JavaThread "jar transforms" [_thread_blocked, id=1836, stack(0x0000000459700000,0x0000000459800000)]
  0x0000015301b985f0 JavaThread "jar transforms Thread 2" [_thread_blocked, id=25188, stack(0x0000000459800000,0x0000000459900000)]
  0x0000015301b95860 JavaThread "jar transforms Thread 3" [_thread_blocked, id=22792, stack(0x0000000459900000,0x0000000459a00000)]
  0x0000015301b96280 JavaThread "jar transforms Thread 4" [_thread_blocked, id=21132, stack(0x0000000459a00000,0x0000000459b00000)]
  0x0000015301b96ca0 JavaThread "jar transforms Thread 5" [_thread_blocked, id=22996, stack(0x0000000459b00000,0x0000000459c00000)]
  0x0000015301b95350 JavaThread "Cache worker for checksums cache (C:\Users\mmich\OneDrive\Documents\coding\GD\Go-digital- software\client-repository\frontend\user_mobile\android\.gradle\8.14\checksums)" [_thread_blocked, id=30396, stack(0x000000045a100000,0x000000045a200000)]
  0x0000015301b99010 JavaThread "Cache worker for file content cache (C:\Users\mmich\.gradle\caches\8.14\fileContent)" [_thread_blocked, id=16728, stack(0x000000045a200000,0x000000045a300000)]
  0x0000015301b99520 JavaThread "jar transforms Thread 6" [_thread_blocked, id=1452, stack(0x0000000459e00000,0x0000000459f00000)]
  0x0000015301b99f40 JavaThread "jar transforms Thread 7" [_thread_blocked, id=25096, stack(0x0000000459f00000,0x000000045a000000)]
  0x0000015301b980e0 JavaThread "jar transforms Thread 8" [_thread_blocked, id=25824, stack(0x000000045a300000,0x000000045a400000)]
  0x0000015301b976c0 JavaThread "jar transforms Thread 9" [_thread_blocked, id=30584, stack(0x000000045a400000,0x000000045a500000)]
  0x0000015301b9ae70 JavaThread "jar transforms Thread 10" [_thread_blocked, id=18376, stack(0x000000045a600000,0x000000045a700000)]
  0x0000015301b99a30 JavaThread "jar transforms Thread 11" [_thread_blocked, id=27024, stack(0x000000045a700000,0x000000045a800000)]
  0x0000015301b9a960 JavaThread "jar transforms Thread 12" [_thread_blocked, id=27516, stack(0x000000045a800000,0x000000045a900000)]
  0x0000015301b9a450 JavaThread "Cache worker for cache directory md-supplier (C:\Users\mmich\.gradle\caches\8.14\md-supplier)" [_thread_blocked, id=3636, stack(0x000000045a500000,0x000000045a600000)]
  0x0000015301b9b380 JavaThread "Cache worker for cache directory md-rule (C:\Users\mmich\.gradle\caches\8.14\md-rule)" [_thread_blocked, id=6356, stack(0x000000045a900000,0x000000045aa00000)]
  0x0000015301b97bd0 JavaThread "Cache worker for Build Output Cleanup Cache (C:\Development\flutter\packages\flutter_tools\gradle\.gradle\buildOutputCleanup)" [_thread_blocked, id=29392, stack(0x000000045ab00000,0x000000045ac00000)]
  0x0000015301b9c2b0 JavaThread "Unconstrained build operations" [_thread_blocked, id=10140, stack(0x000000045ad00000,0x000000045ae00000)]
  0x0000015301b9b890 JavaThread "Unconstrained build operations Thread 2" [_thread_blocked, id=30688, stack(0x000000045ae00000,0x000000045af00000)]
  0x0000015301b9bda0 JavaThread "Unconstrained build operations Thread 3" [_thread_blocked, id=3480, stack(0x000000045ac00000,0x000000045ad00000)]
  0x0000015301b9c7c0 JavaThread "Memory manager" [_thread_blocked, id=29432, stack(0x000000045af00000,0x000000045b000000)]
  0x000001530531e020 JavaThread "build event listener" [_thread_blocked, id=30736, stack(0x0000000456500000,0x0000000456600000)]
  0x000001530531ea40 JavaThread "included builds" [_thread_blocked, id=11504, stack(0x0000000456600000,0x0000000456700000)]
  0x0000015305321ce0 JavaThread "Cache worker for execution history cache (C:\Development\flutter\packages\flutter_tools\gradle\.gradle\8.14\executionHistory)" [_thread_blocked, id=22088, stack(0x0000000456700000,0x0000000456800000)]
  0x00000153053221f0 JavaThread "Unconstrained build operations Thread 4" [_thread_blocked, id=28372, stack(0x000000045aa00000,0x000000045ab00000)]
  0x0000015305322700 JavaThread "Unconstrained build operations Thread 5" [_thread_blocked, id=31560, stack(0x000000045b000000,0x000000045b100000)]
  0x000001530531f970 JavaThread "Unconstrained build operations Thread 6" [_thread_blocked, id=2100, stack(0x000000045b100000,0x000000045b200000)]
  0x000001530531ef50 JavaThread "Unconstrained build operations Thread 7" [_thread_blocked, id=31284, stack(0x000000045b200000,0x000000045b300000)]
  0x000001530531fe80 JavaThread "WorkerExecutor Queue" [_thread_blocked, id=20500, stack(0x000000045b300000,0x000000045b400000)]
  0x0000015305323630 JavaThread "RMI Scheduler(0)" daemon [_thread_blocked, id=1028, stack(0x000000045b400000,0x000000045b500000)]
  0x0000015305320390 JavaThread "RMI GC Daemon" daemon [_thread_blocked, id=16744, stack(0x000000045b600000,0x000000045b700000)]
  0x0000015305324f80 JavaThread "RMI TCP Accept-0" daemon [_thread_in_native, id=22336, stack(0x000000045b700000,0x000000045b800000)]
  0x0000015305324560 JavaThread "RMI Reaper" [_thread_blocked, id=6892, stack(0x000000045b800000,0x000000045b900000)]
  0x0000015305325490 JavaThread "RMI TCP Connection(idle)" daemon [_thread_blocked, id=30388, stack(0x0000000459c00000,0x0000000459d00000)]
  0x0000015305320db0 JavaThread "Unconstrained build operations Thread 8" [_thread_blocked, id=27488, stack(0x0000000459d00000,0x0000000459e00000)]
  0x0000015305324a70 JavaThread "Unconstrained build operations Thread 9" [_thread_blocked, id=13428, stack(0x000000045b900000,0x000000045ba00000)]
  0x00000153053259a0 JavaThread "Unconstrained build operations Thread 10" [_thread_blocked, id=27040, stack(0x000000045b500000,0x000000045b600000)]

Other Threads:
=>0x0000015345a25850 VMThread "VM Thread" [stack: 0x0000000456e00000,0x0000000456f00000] [id=32252]
  0x0000015324dea4c0 WatcherThread [stack: 0x0000000457a00000,0x0000000457b00000] [id=19792]
  0x0000015324e422f0 GCTaskThread "GC Thread#0" [stack: 0x0000000456900000,0x0000000456a00000] [id=15676]
  0x0000015345e2a0d0 GCTaskThread "GC Thread#1" [stack: 0x0000000457b00000,0x0000000457c00000] [id=26772]
  0x0000015345f6b4c0 GCTaskThread "GC Thread#2" [stack: 0x0000000457c00000,0x0000000457d00000] [id=29692]
  0x000001537f7e7290 GCTaskThread "GC Thread#3" [stack: 0x0000000457d00000,0x0000000457e00000] [id=4852]
  0x000001537f54fac0 GCTaskThread "GC Thread#4" [stack: 0x0000000457e00000,0x0000000457f00000] [id=16960]
  0x0000015301333a90 GCTaskThread "GC Thread#5" [stack: 0x0000000458c00000,0x0000000458d00000] [id=12284]
  0x0000015301333d50 GCTaskThread "GC Thread#6" [stack: 0x0000000458d00000,0x0000000458e00000] [id=9284]
  0x0000015301333510 GCTaskThread "GC Thread#7" [stack: 0x0000000458e00000,0x0000000458f00000] [id=18784]
  0x0000015301334590 GCTaskThread "GC Thread#8" [stack: 0x0000000458f00000,0x0000000459000000] [id=22020]
  0x0000015301334850 GCTaskThread "GC Thread#9" [stack: 0x0000000459000000,0x0000000459100000] [id=24504]
  0x0000015324e4f150 ConcurrentGCThread "G1 Main Marker" [stack: 0x0000000456a00000,0x0000000456b00000] [id=22548]
  0x0000015324e4fa70 ConcurrentGCThread "G1 Conc#0" [stack: 0x0000000456b00000,0x0000000456c00000] [id=30564]
  0x0000015301334b10 ConcurrentGCThread "G1 Conc#1" [stack: 0x0000000459300000,0x0000000459400000] [id=25500]
  0x0000015301332f90 ConcurrentGCThread "G1 Conc#2" [stack: 0x0000000459400000,0x0000000459500000] [id=12300]
  0x0000015324eaebb0 ConcurrentGCThread "G1 Refine#0" [stack: 0x0000000456c00000,0x0000000456d00000] [id=3320]
  0x00000153018103c0 ConcurrentGCThread "G1 Refine#1" [stack: 0x000000045a000000,0x000000045a100000] [id=10744]
  0x00000153458e3610 ConcurrentGCThread "G1 Service" [stack: 0x0000000456d00000,0x0000000456e00000] [id=29968]

Threads with active compile tasks:
C2 CompilerThread0   235669 11284       4       org.gradle.internal.serialize.DefaultSerializerRegistry$TaggedTypeSerializer::write (37 bytes)

VM state: at safepoint (normal execution)

VM Mutex/Monitor currently owned by a thread:  ([mutex/lock_event])
[0x0000015324de3b00] Threads_lock - owner thread: 0x0000015345a25850
[0x0000015324de3c20] Heap_lock - owner thread: 0x0000015345f5b750

Heap address: 0x0000000740000000, size: 3072 MB, Compressed Oops mode: Zero based, Oop shift amount: 3

CDS archive(s) mapped at: [0x0000015346000000-0x0000015346bd0000-0x0000015346bd0000), size 12386304, SharedBaseAddress: 0x0000015346000000, ArchiveRelocationMode: 1.
Compressed class space mapped at: 0x0000015347000000-0x000001537b000000, reserved size: 872415232
Narrow klass base: 0x0000015346000000, Narrow klass shift: 0, Narrow klass range: 0x100000000

GC Precious Log:
 CPUs: 12 total, 12 available
 Memory: 7876M
 Large Page Support: Disabled
 NUMA Support: Disabled
 Compressed Oops: Enabled (Zero based)
 Heap Region Size: 2M
 Heap Min Capacity: 8M
 Heap Initial Capacity: 124M
 Heap Max Capacity: 3G
 Pre-touch: Disabled
 Parallel Workers: 10
 Concurrent Workers: 3
 Concurrent Refinement Workers: 10
 Periodic GC: Disabled

Heap:
 garbage-first heap   total 155648K, used 80279K [0x0000000740000000, 0x0000000800000000)
  region size 2048K, 1 young (2048K), 1 survivors (2048K)
 Metaspace       used 78492K, committed 79424K, reserved 983040K
  class space    used 11034K, committed 11456K, reserved 851968K

Heap Regions: E=young(eden), S=young(survivor), O=old, HS=humongous(starts), HC=humongous(continues), CS=collection set, F=free, OA=open archive, CA=closed archive, TAMS=top-at-mark-start (previous, next)
|   0|0x0000000740000000, 0x0000000740200000, 0x0000000740200000|100%|HS|  |TAMS 0x0000000740200000, 0x0000000740000000| Complete 
|   1|0x0000000740200000, 0x0000000740400000, 0x0000000740400000|100%|HC|  |TAMS 0x0000000740400000, 0x0000000740200000| Complete 
|   2|0x0000000740400000, 0x0000000740600000, 0x0000000740600000|100%| O|  |TAMS 0x0000000740600000, 0x0000000740400000| Untracked 
|   3|0x0000000740600000, 0x0000000740800000, 0x0000000740800000|100%| O|  |TAMS 0x0000000740800000, 0x0000000740600000| Untracked 
|   4|0x0000000740800000, 0x0000000740a00000, 0x0000000740a00000|100%| O|  |TAMS 0x0000000740a00000, 0x0000000740800000| Untracked 
|   5|0x0000000740a00000, 0x0000000740c00000, 0x0000000740c00000|100%| O|  |TAMS 0x0000000740c00000, 0x0000000740a00000| Untracked 
|   6|0x0000000740c00000, 0x0000000740e00000, 0x0000000740e00000|100%| O|  |TAMS 0x0000000740e00000, 0x0000000740c00000| Untracked 
|   7|0x0000000740e00000, 0x0000000740feba00, 0x0000000741000000| 96%| O|  |TAMS 0x0000000740feba00, 0x0000000740e00000| Untracked 
|   8|0x0000000741000000, 0x0000000741200000, 0x0000000741200000|100%| O|  |TAMS 0x0000000741200000, 0x0000000741000000| Untracked 
|   9|0x0000000741200000, 0x0000000741400000, 0x0000000741400000|100%| O|  |TAMS 0x0000000741400000, 0x0000000741200000| Untracked 
|  10|0x0000000741400000, 0x0000000741600000, 0x0000000741600000|100%| O|  |TAMS 0x0000000741600000, 0x0000000741400000| Untracked 
|  11|0x0000000741600000, 0x0000000741800000, 0x0000000741800000|100%| O|  |TAMS 0x0000000741800000, 0x0000000741600000| Untracked 
|  12|0x0000000741800000, 0x0000000741a00000, 0x0000000741a00000|100%| O|  |TAMS 0x0000000741a00000, 0x0000000741800000| Untracked 
|  13|0x0000000741a00000, 0x0000000741c00000, 0x0000000741c00000|100%| O|  |TAMS 0x0000000741c00000, 0x0000000741a00000| Untracked 
|  14|0x0000000741c00000, 0x0000000741e00000, 0x0000000741e00000|100%| O|  |TAMS 0x0000000741e00000, 0x0000000741c00000| Untracked 
|  15|0x0000000741e00000, 0x0000000742000000, 0x0000000742000000|100%| O|  |TAMS 0x0000000742000000, 0x0000000741e00000| Untracked 
|  16|0x0000000742000000, 0x0000000742200000, 0x0000000742200000|100%| O|  |TAMS 0x0000000742200000, 0x0000000742000000| Untracked 
|  17|0x0000000742200000, 0x0000000742400000, 0x0000000742400000|100%| O|  |TAMS 0x0000000742400000, 0x0000000742200000| Untracked 
|  18|0x0000000742400000, 0x0000000742600000, 0x0000000742600000|100%| O|  |TAMS 0x0000000742600000, 0x0000000742400000| Untracked 
|  19|0x0000000742600000, 0x0000000742800000, 0x0000000742800000|100%| O|  |TAMS 0x0000000742800000, 0x0000000742600000| Untracked 
|  20|0x0000000742800000, 0x0000000742a00000, 0x0000000742a00000|100%| O|  |TAMS 0x0000000742a00000, 0x0000000742800000| Untracked 
|  21|0x0000000742a00000, 0x0000000742c00000, 0x0000000742c00000|100%| O|  |TAMS 0x0000000742a00000, 0x0000000742a00000| Untracked 
|  22|0x0000000742c00000, 0x0000000742c00000, 0x0000000742e00000|  0%| F|  |TAMS 0x0000000742c00000, 0x0000000742c00000| Untracked 
|  23|0x0000000742e00000, 0x0000000743000000, 0x0000000743000000|100%| O|  |TAMS 0x0000000743000000, 0x0000000742e00000| Untracked 
|  24|0x0000000743000000, 0x0000000743200000, 0x0000000743200000|100%|HS|  |TAMS 0x0000000743200000, 0x0000000743000000| Complete 
|  25|0x0000000743200000, 0x0000000743400000, 0x0000000743400000|100%|HS|  |TAMS 0x0000000743400000, 0x0000000743200000| Complete 
|  26|0x0000000743400000, 0x0000000743600000, 0x0000000743600000|100%| O|  |TAMS 0x0000000743600000, 0x0000000743400000| Untracked 
|  27|0x0000000743600000, 0x0000000743800000, 0x0000000743800000|100%| O|  |TAMS 0x0000000743800000, 0x0000000743600000| Untracked 
|  28|0x0000000743800000, 0x0000000743a00000, 0x0000000743a00000|100%| O|  |TAMS 0x0000000743a00000, 0x0000000743800000| Untracked 
|  29|0x0000000743a00000, 0x0000000743c00000, 0x0000000743c00000|100%| O|  |TAMS 0x0000000743c00000, 0x0000000743a00000| Untracked 
|  30|0x0000000743c00000, 0x0000000743e00000, 0x0000000743e00000|100%| O|  |TAMS 0x0000000743e00000, 0x0000000743c00000| Untracked 
|  31|0x0000000743e00000, 0x0000000744000000, 0x0000000744000000|100%| O|  |TAMS 0x0000000744000000, 0x0000000743e00000| Untracked 
|  32|0x0000000744000000, 0x0000000744200000, 0x0000000744200000|100%| O|  |TAMS 0x0000000744200000, 0x0000000744000000| Untracked 
|  33|0x0000000744200000, 0x0000000744400000, 0x0000000744400000|100%| O|  |TAMS 0x0000000744400000, 0x0000000744200000| Untracked 
|  34|0x0000000744400000, 0x0000000744600000, 0x0000000744600000|100%| O|  |TAMS 0x0000000744600000, 0x0000000744400000| Untracked 
|  35|0x0000000744600000, 0x0000000744800000, 0x0000000744800000|100%| O|  |TAMS 0x0000000744800000, 0x0000000744600000| Untracked 
|  36|0x0000000744800000, 0x0000000744a00000, 0x0000000744a00000|100%| O|  |TAMS 0x0000000744878400, 0x0000000744800000| Untracked 
|  37|0x0000000744a00000, 0x0000000744c00000, 0x0000000744c00000|100%| O|  |TAMS 0x0000000744a00000, 0x0000000744a00000| Untracked 
|  38|0x0000000744c00000, 0x0000000744e00000, 0x0000000744e00000|100%| O|  |TAMS 0x0000000744c00000, 0x0000000744c00000| Untracked 
|  39|0x0000000744e00000, 0x0000000744fcae00, 0x0000000745000000| 89%| O|  |TAMS 0x0000000744e00000, 0x0000000744e00000| Untracked 
|  40|0x0000000745000000, 0x0000000745000000, 0x0000000745200000|  0%| F|  |TAMS 0x0000000745000000, 0x0000000745000000| Untracked 
|  41|0x0000000745200000, 0x0000000745200000, 0x0000000745400000|  0%| F|  |TAMS 0x0000000745200000, 0x0000000745200000| Untracked 
|  42|0x0000000745400000, 0x0000000745400000, 0x0000000745600000|  0%| F|  |TAMS 0x0000000745400000, 0x0000000745400000| Untracked 
|  43|0x0000000745600000, 0x0000000745600000, 0x0000000745800000|  0%| F|  |TAMS 0x0000000745600000, 0x0000000745600000| Untracked 
|  44|0x0000000745800000, 0x0000000745800000, 0x0000000745a00000|  0%| F|  |TAMS 0x0000000745800000, 0x0000000745800000| Untracked 
|  45|0x0000000745a00000, 0x0000000745a00000, 0x0000000745c00000|  0%| F|  |TAMS 0x0000000745a00000, 0x0000000745a00000| Untracked 
|  46|0x0000000745c00000, 0x0000000745c00000, 0x0000000745e00000|  0%| F|  |TAMS 0x0000000745c00000, 0x0000000745c00000| Untracked 
|  47|0x0000000745e00000, 0x0000000745e00000, 0x0000000746000000|  0%| F|  |TAMS 0x0000000745e00000, 0x0000000745e00000| Untracked 
|  48|0x0000000746000000, 0x0000000746000000, 0x0000000746200000|  0%| F|  |TAMS 0x0000000746000000, 0x0000000746000000| Untracked 
|  49|0x0000000746200000, 0x0000000746200000, 0x0000000746400000|  0%| F|  |TAMS 0x0000000746200000, 0x0000000746200000| Untracked 
|  50|0x0000000746400000, 0x0000000746400000, 0x0000000746600000|  0%| F|  |TAMS 0x0000000746400000, 0x0000000746400000| Untracked 
|  51|0x0000000746600000, 0x0000000746600000, 0x0000000746800000|  0%| F|  |TAMS 0x0000000746600000, 0x0000000746600000| Untracked 
|  52|0x0000000746800000, 0x0000000746800000, 0x0000000746a00000|  0%| F|  |TAMS 0x0000000746800000, 0x0000000746800000| Untracked 
|  53|0x0000000746a00000, 0x0000000746a00000, 0x0000000746c00000|  0%| F|  |TAMS 0x0000000746a00000, 0x0000000746a00000| Untracked 
|  54|0x0000000746c00000, 0x0000000746c00000, 0x0000000746e00000|  0%| F|  |TAMS 0x0000000746c00000, 0x0000000746c00000| Untracked 
|  55|0x0000000746e00000, 0x0000000746e00000, 0x0000000747000000|  0%| F|  |TAMS 0x0000000746e00000, 0x0000000746e00000| Untracked 
|  56|0x0000000747000000, 0x0000000747000000, 0x0000000747200000|  0%| F|  |TAMS 0x0000000747000000, 0x0000000747000000| Untracked 
|  57|0x0000000747200000, 0x0000000747200000, 0x0000000747400000|  0%| F|  |TAMS 0x0000000747200000, 0x0000000747200000| Untracked 
|  58|0x0000000747400000, 0x0000000747400000, 0x0000000747600000|  0%| F|  |TAMS 0x0000000747400000, 0x0000000747400000| Untracked 
|  59|0x0000000747600000, 0x0000000747600000, 0x0000000747800000|  0%| F|  |TAMS 0x0000000747600000, 0x0000000747600000| Untracked 
|  60|0x0000000747800000, 0x0000000747800000, 0x0000000747a00000|  0%| F|  |TAMS 0x0000000747800000, 0x0000000747800000| Untracked 
|  61|0x0000000747a00000, 0x0000000747a00000, 0x0000000747c00000|  0%| F|  |TAMS 0x0000000747a00000, 0x0000000747a00000| Untracked 
|  62|0x0000000747c00000, 0x0000000747c00000, 0x0000000747e00000|  0%| F|  |TAMS 0x0000000747c00000, 0x0000000747c00000| Untracked 
|  63|0x0000000747e00000, 0x0000000747e00000, 0x0000000748000000|  0%| F|  |TAMS 0x0000000747e00000, 0x0000000747e00000| Untracked 
|  64|0x0000000748000000, 0x0000000748000000, 0x0000000748200000|  0%| F|  |TAMS 0x0000000748000000, 0x0000000748000000| Untracked 
|  65|0x0000000748200000, 0x0000000748200000, 0x0000000748400000|  0%| F|  |TAMS 0x0000000748200000, 0x0000000748200000| Untracked 
|  66|0x0000000748400000, 0x0000000748400000, 0x0000000748600000|  0%| F|  |TAMS 0x0000000748400000, 0x0000000748400000| Untracked 
|  67|0x0000000748600000, 0x0000000748600000, 0x0000000748800000|  0%| F|  |TAMS 0x0000000748600000, 0x0000000748600000| Untracked 
|  68|0x0000000748800000, 0x0000000748800000, 0x0000000748a00000|  0%| F|  |TAMS 0x0000000748800000, 0x0000000748800000| Untracked 
|  69|0x0000000748a00000, 0x0000000748a00000, 0x0000000748c00000|  0%| F|  |TAMS 0x0000000748a00000, 0x0000000748a00000| Untracked 
|  70|0x0000000748c00000, 0x0000000748c00000, 0x0000000748e00000|  0%| F|  |TAMS 0x0000000748c00000, 0x0000000748c00000| Untracked 
|  71|0x0000000748e00000, 0x0000000748e00000, 0x0000000749000000|  0%| F|  |TAMS 0x0000000748e00000, 0x0000000748e00000| Untracked 
|  72|0x0000000749000000, 0x0000000749000000, 0x0000000749200000|  0%| F|  |TAMS 0x0000000749000000, 0x0000000749000000| Untracked 
|  73|0x0000000749200000, 0x0000000749200000, 0x0000000749400000|  0%| F|  |TAMS 0x0000000749200000, 0x0000000749200000| Untracked 
|  74|0x0000000749400000, 0x00000007494af4a8, 0x0000000749600000| 34%| S|CS|TAMS 0x0000000749400000, 0x0000000749400000| Complete 
|  75|0x0000000749600000, 0x0000000749600000, 0x0000000749800000|  0%| F|  |TAMS 0x0000000749600000, 0x0000000749600000| Untracked 

Card table byte_map: [0x000001533c1f0000,0x000001533c7f0000] _byte_map_base: 0x00000153387f0000

Marking Bits (Prev, Next): (CMBitMap*) 0x0000015324e42860, (CMBitMap*) 0x0000015324e42820
 Prev Bits: [0x000001533fdf0000, 0x0000015342df0000)
 Next Bits: [0x000001533cdf0000, 0x000001533fdf0000)

Polling page: 0x0000015322ce0000

Metaspace:

Usage:
  Non-class:     65.88 MB used.
      Class:     10.78 MB used.
       Both:     76.65 MB used.

Virtual space:
  Non-class space:      128.00 MB reserved,      66.38 MB ( 52%) committed,  2 nodes.
      Class space:      832.00 MB reserved,      11.19 MB (  1%) committed,  1 nodes.
             Both:      960.00 MB reserved,      77.56 MB (  8%) committed. 

Chunk freelists:
   Non-Class:  12.92 MB
       Class:  4.76 MB
        Both:  17.68 MB

MaxMetaspaceSize: 1.00 GB
CompressedClassSpaceSize: 832.00 MB
Initial GC threshold: 21.00 MB
Current GC threshold: 129.06 MB
CDS: on
MetaspaceReclaimPolicy: balanced
 - commit_granule_bytes: 65536.
 - commit_granule_words: 8192.
 - virtual_space_node_default_size: 8388608.
 - enlarge_chunks_in_place: 1.
 - new_chunks_are_fully_committed: 0.
 - uncommit_free_chunks: 1.
 - use_allocation_guard: 0.
 - handle_deallocations: 1.


Internal statistics:

num_allocs_failed_limit: 6.
num_arena_births: 1198.
num_arena_deaths: 0.
num_vsnodes_births: 3.
num_vsnodes_deaths: 0.
num_space_committed: 1241.
num_space_uncommitted: 0.
num_chunks_returned_to_freelist: 6.
num_chunks_taken_from_freelist: 4696.
num_chunk_merges: 6.
num_chunk_splits: 2955.
num_chunks_enlarged: 1797.
num_inconsistent_stats: 0.

CodeHeap 'non-profiled nmethods': size=120000Kb used=5634Kb max_used=5634Kb free=114365Kb
 bounds [0x0000015334170000, 0x0000015334700000, 0x000001533b6a0000]
CodeHeap 'profiled nmethods': size=120000Kb used=18412Kb max_used=18412Kb free=101587Kb
 bounds [0x000001532c6a0000, 0x000001532d8a0000, 0x0000015333bd0000]
CodeHeap 'non-nmethods': size=5760Kb used=2413Kb max_used=2459Kb free=3346Kb
 bounds [0x0000015333bd0000, 0x0000015333e40000, 0x0000015334170000]
 total_blobs=10793 nmethods=9842 adapters=863
 compilation: enabled
              stopped_count=0, restarted_count=0
 full_count=0

Compilation events (20 events):
Event: 227.983 Thread 0x0000015345a51760 nmethod 11274 0x000001532d89c910 code [0x000001532d89cb80, 0x000001532d89d588]
Event: 227.983 Thread 0x0000015345a51760 11275       3       org.gradle.api.internal.artifacts.transform.TransformingAsyncArtifactListener$TransformedArtifact::run (6 bytes)
Event: 227.984 Thread 0x0000015345a51760 nmethod 11275 0x000001532d89d890 code [0x000001532d89da20, 0x000001532d89db68]
Event: 228.072 Thread 0x0000015345a44680 11276       4       com.google.common.collect.ImmutableMap$Builder::build (179 bytes)
Event: 228.094 Thread 0x0000015345a44680 nmethod 11276 0x00000153346eb210 code [0x00000153346eb3c0, 0x00000153346eb808]
Event: 228.199 Thread 0x0000015345a44680 11277       4       java.nio.Buffer$1::acquireScope (41 bytes)
Event: 228.200 Thread 0x0000015345a44680 nmethod 11277 0x00000153346ebb90 code [0x00000153346ebd00, 0x00000153346ebdb8]
Event: 228.325 Thread 0x0000015345a44680 11278       4       com.google.common.cache.LocalCache$Segment::evictEntries (106 bytes)
Event: 228.335 Thread 0x0000015345a51760 11280       1       org.gradle.internal.Deferrable$2::completeAndGet (5 bytes)
Event: 228.335 Thread 0x0000015345a51760 nmethod 11280 0x00000153346ebe90 code [0x00000153346ec020, 0x00000153346ec0f8]
Event: 228.531 Thread 0x0000015345a44680 nmethod 11278 0x00000153346ec190 code [0x00000153346ec3e0, 0x00000153346ed3c8]
Event: 228.531 Thread 0x0000015345a44680 11279       4       com.google.common.cache.LocalCache$Segment::setValue (82 bytes)
Event: 228.659 Thread 0x0000015345a44680 nmethod 11279 0x00000153346ee110 code [0x00000153346ee360, 0x00000153346ef718]
Event: 228.659 Thread 0x0000015345a44680 11281       4       org.gradle.internal.logging.slf4j.BuildOperationAwareLogger::debug (19 bytes)
Event: 228.665 Thread 0x0000015345a44680 nmethod 11281 0x00000153346f0310 code [0x00000153346f04a0, 0x00000153346f05d8]
Event: 228.665 Thread 0x0000015345a44680 11282       4       com.google.common.collect.ImmutableSet$SetBuilderImpl::review (2 bytes)
Event: 228.665 Thread 0x0000015345a44680 nmethod 11282 0x00000153346f0810 code [0x00000153346f0980, 0x00000153346f09f8]
Event: 228.706 Thread 0x0000015345a51760 11283       3       java.io.FileDescriptor::setHandle (33 bytes)
Event: 228.707 Thread 0x0000015345a51760 nmethod 11283 0x000001532d89dc10 code [0x000001532d89ddc0, 0x000001532d89e068]
Event: 228.709 Thread 0x0000015345a44680 11284       4       org.gradle.internal.serialize.DefaultSerializerRegistry$TaggedTypeSerializer::write (37 bytes)

GC Heap History (20 events):
Event: 69.596 GC heap after
{Heap after GC invocations=29 (full 0):
 garbage-first heap   total 110592K, used 63560K [0x0000000740000000, 0x0000000800000000)
  region size 2048K, 1 young (2048K), 1 survivors (2048K)
 Metaspace       used 68340K, committed 69120K, reserved 917504K
  class space    used 9618K, committed 9984K, reserved 851968K
}
Event: 69.730 GC heap before
{Heap before GC invocations=29 (full 0):
 garbage-first heap   total 110592K, used 65608K [0x0000000740000000, 0x0000000800000000)
  region size 2048K, 2 young (4096K), 1 survivors (2048K)
 Metaspace       used 68468K, committed 69248K, reserved 917504K
  class space    used 9636K, committed 9984K, reserved 851968K
}
Event: 69.736 GC heap after
{Heap after GC invocations=30 (full 0):
 garbage-first heap   total 110592K, used 63432K [0x0000000740000000, 0x0000000800000000)
  region size 2048K, 1 young (2048K), 1 survivors (2048K)
 Metaspace       used 68468K, committed 69248K, reserved 917504K
  class space    used 9636K, committed 9984K, reserved 851968K
}
Event: 70.698 GC heap before
{Heap before GC invocations=30 (full 0):
 garbage-first heap   total 110592K, used 90056K [0x0000000740000000, 0x0000000800000000)
  region size 2048K, 14 young (28672K), 1 survivors (2048K)
 Metaspace       used 69364K, committed 70272K, reserved 917504K
  class space    used 9759K, committed 10176K, reserved 851968K
}
Event: 70.704 GC heap after
{Heap after GC invocations=31 (full 0):
 garbage-first heap   total 110592K, used 65444K [0x0000000740000000, 0x0000000800000000)
  region size 2048K, 2 young (4096K), 2 survivors (4096K)
 Metaspace       used 69364K, committed 70272K, reserved 917504K
  class space    used 9759K, committed 10176K, reserved 851968K
}
Event: 72.278 GC heap before
{Heap before GC invocations=32 (full 0):
 garbage-first heap   total 116736K, used 90020K [0x0000000740000000, 0x0000000800000000)
  region size 2048K, 14 young (28672K), 2 survivors (4096K)
 Metaspace       used 71532K, committed 72384K, reserved 917504K
  class space    used 10167K, committed 10560K, reserved 851968K
}
Event: 72.284 GC heap after
{Heap after GC invocations=33 (full 0):
 garbage-first heap   total 116736K, used 67442K [0x0000000740000000, 0x0000000800000000)
  region size 2048K, 1 young (2048K), 1 survivors (2048K)
 Metaspace       used 71532K, committed 72384K, reserved 917504K
  class space    used 10167K, committed 10560K, reserved 851968K
}
Event: 72.453 GC heap before
{Heap before GC invocations=33 (full 0):
 garbage-first heap   total 116736K, used 69490K [0x0000000740000000, 0x0000000800000000)
  region size 2048K, 2 young (4096K), 1 survivors (2048K)
 Metaspace       used 71669K, committed 72448K, reserved 917504K
  class space    used 10194K, committed 10560K, reserved 851968K
}
Event: 72.459 GC heap after
{Heap after GC invocations=34 (full 0):
 garbage-first heap   total 116736K, used 67674K [0x0000000740000000, 0x0000000800000000)
  region size 2048K, 1 young (2048K), 1 survivors (2048K)
 Metaspace       used 71669K, committed 72448K, reserved 917504K
  class space    used 10194K, committed 10560K, reserved 851968K
}
Event: 74.702 GC heap before
{Heap before GC invocations=34 (full 0):
 garbage-first heap   total 116736K, used 96346K [0x0000000740000000, 0x0000000800000000)
  region size 2048K, 15 young (30720K), 1 survivors (2048K)
 Metaspace       used 73240K, committed 74112K, reserved 917504K
  class space    used 10409K, committed 10816K, reserved 851968K
}
Event: 74.711 GC heap after
{Heap after GC invocations=35 (full 0):
 garbage-first heap   total 116736K, used 70376K [0x0000000740000000, 0x0000000800000000)
  region size 2048K, 2 young (4096K), 2 survivors (4096K)
 Metaspace       used 73240K, committed 74112K, reserved 917504K
  class space    used 10409K, committed 10816K, reserved 851968K
}
Event: 75.793 GC heap before
{Heap before GC invocations=36 (full 0):
 garbage-first heap   total 126976K, used 94952K [0x0000000740000000, 0x0000000800000000)
  region size 2048K, 14 young (28672K), 2 survivors (4096K)
 Metaspace       used 75444K, committed 76288K, reserved 983040K
  class space    used 10665K, committed 11072K, reserved 851968K
}
Event: 75.807 GC heap after
{Heap after GC invocations=37 (full 0):
 garbage-first heap   total 155648K, used 72699K [0x0000000740000000, 0x0000000800000000)
  region size 2048K, 2 young (4096K), 2 survivors (4096K)
 Metaspace       used 75444K, committed 76288K, reserved 983040K
  class space    used 10665K, committed 11072K, reserved 851968K
}
Event: 75.988 GC heap before
{Heap before GC invocations=37 (full 0):
 garbage-first heap   total 155648K, used 74747K [0x0000000740000000, 0x0000000800000000)
  region size 2048K, 3 young (6144K), 2 survivors (4096K)
 Metaspace       used 76082K, committed 76992K, reserved 983040K
  class space    used 10751K, committed 11200K, reserved 851968K
}
Event: 75.995 GC heap after
{Heap after GC invocations=38 (full 0):
 garbage-first heap   total 155648K, used 72554K [0x0000000740000000, 0x0000000800000000)
  region size 2048K, 1 young (2048K), 1 survivors (2048K)
 Metaspace       used 76082K, committed 76992K, reserved 983040K
  class space    used 10751K, committed 11200K, reserved 851968K
}
Event: 219.287 GC heap before
{Heap before GC invocations=38 (full 0):
 garbage-first heap   total 155648K, used 117610K [0x0000000740000000, 0x0000000800000000)
  region size 2048K, 24 young (49152K), 1 survivors (2048K)
 Metaspace       used 78321K, committed 79168K, reserved 983040K
  class space    used 11030K, committed 11456K, reserved 851968K
}
Event: 219.571 GC heap after
{Heap after GC invocations=39 (full 0):
 garbage-first heap   total 155648K, used 77020K [0x0000000740000000, 0x0000000800000000)
  region size 2048K, 3 young (6144K), 3 survivors (6144K)
 Metaspace       used 78321K, committed 79168K, reserved 983040K
  class space    used 11030K, committed 11456K, reserved 851968K
}
Event: 228.394 GC heap before
{Heap before GC invocations=40 (full 0):
 garbage-first heap   total 155648K, used 122076K [0x0000000740000000, 0x0000000800000000)
  region size 2048K, 25 young (51200K), 3 survivors (6144K)
 Metaspace       used 78492K, committed 79424K, reserved 983040K
  class space    used 11034K, committed 11456K, reserved 851968K
}
Event: 228.525 GC heap after
{Heap after GC invocations=41 (full 0):
 garbage-first heap   total 155648K, used 80235K [0x0000000740000000, 0x0000000800000000)
  region size 2048K, 2 young (4096K), 2 survivors (4096K)
 Metaspace       used 78492K, committed 79424K, reserved 983040K
  class space    used 11034K, committed 11456K, reserved 851968K
}
Event: 228.802 GC heap before
{Heap before GC invocations=41 (full 0):
 garbage-first heap   total 155648K, used 82283K [0x0000000740000000, 0x0000000800000000)
  region size 2048K, 3 young (6144K), 2 survivors (4096K)
 Metaspace       used 78492K, committed 79424K, reserved 983040K
  class space    used 11034K, committed 11456K, reserved 851968K
}

Deoptimization events (20 events):
Event: 224.012 Thread 0x0000015345f5c170 Uncommon trap: trap_request=0xffffffd6 fr.pc=0x00000153343b5f24 relative=0x0000000000000864
Event: 224.012 Thread 0x0000015345f5c170 Uncommon trap: reason=array_check action=maybe_recompile pc=0x00000153343b5f24 method=java.util.ComparableTimSort.binarySort([Ljava/lang/Object;III)V @ 193 c2
Event: 224.012 Thread 0x0000015345f5c170 DEOPT PACKING pc=0x00000153343b5f24 sp=0x00000004585f67f0
Event: 224.012 Thread 0x0000015345f5c170 DEOPT UNPACKING pc=0x0000015333c223a3 sp=0x00000004585f6790 mode 2
Event: 224.012 Thread 0x0000015345f5c170 Uncommon trap: trap_request=0xffffffd6 fr.pc=0x00000153343b5fe0 relative=0x0000000000000920
Event: 224.012 Thread 0x0000015345f5c170 Uncommon trap: reason=array_check action=maybe_recompile pc=0x00000153343b5fe0 method=java.util.ComparableTimSort.binarySort([Ljava/lang/Object;III)V @ 183 c2
Event: 224.012 Thread 0x0000015345f5c170 DEOPT PACKING pc=0x00000153343b5fe0 sp=0x00000004585f67f0
Event: 224.012 Thread 0x0000015345f5c170 DEOPT UNPACKING pc=0x0000015333c223a3 sp=0x00000004585f6790 mode 2
Event: 224.012 Thread 0x0000015345f5c170 Uncommon trap: trap_request=0xffffffd6 fr.pc=0x00000153343b5f24 relative=0x0000000000000864
Event: 224.012 Thread 0x0000015345f5c170 Uncommon trap: reason=array_check action=maybe_recompile pc=0x00000153343b5f24 method=java.util.ComparableTimSort.binarySort([Ljava/lang/Object;III)V @ 193 c2
Event: 224.012 Thread 0x0000015345f5c170 DEOPT PACKING pc=0x00000153343b5f24 sp=0x00000004585f67f0
Event: 224.014 Thread 0x0000015345f5c170 DEOPT UNPACKING pc=0x0000015333c223a3 sp=0x00000004585f6790 mode 2
Event: 224.014 Thread 0x0000015345f5c170 Uncommon trap: trap_request=0xffffffd6 fr.pc=0x00000153343b5e18 relative=0x0000000000000758
Event: 224.014 Thread 0x0000015345f5c170 Uncommon trap: reason=array_check action=maybe_recompile pc=0x00000153343b5e18 method=java.util.ComparableTimSort.binarySort([Ljava/lang/Object;III)V @ 215 c2
Event: 224.014 Thread 0x0000015345f5c170 DEOPT PACKING pc=0x00000153343b5e18 sp=0x00000004585f67f0
Event: 224.014 Thread 0x0000015345f5c170 DEOPT UNPACKING pc=0x0000015333c223a3 sp=0x00000004585f6790 mode 2
Event: 224.015 Thread 0x0000015345f5c170 Uncommon trap: trap_request=0xffffffd6 fr.pc=0x00000153343b5f24 relative=0x0000000000000864
Event: 224.015 Thread 0x0000015345f5c170 Uncommon trap: reason=array_check action=maybe_recompile pc=0x00000153343b5f24 method=java.util.ComparableTimSort.binarySort([Ljava/lang/Object;III)V @ 193 c2
Event: 224.015 Thread 0x0000015345f5c170 DEOPT PACKING pc=0x00000153343b5f24 sp=0x00000004585f67f0
Event: 224.015 Thread 0x0000015345f5c170 DEOPT UNPACKING pc=0x0000015333c223a3 sp=0x00000004585f6790 mode 2

Classes unloaded (0 events):
No events

Classes redefined (0 events):
No events

Internal exceptions (20 events):
Event: 76.066 Thread 0x0000015305323b40 Exception <a 'java/lang/InterruptedException'{0x0000000749763b20}> (0x0000000749763b20) 
thrown [s\open\src\hotspot\share\runtime\objectMonitor.cpp, line 1671]
Event: 76.066 Thread 0x0000015305323b40 Exception <a 'java/lang/NoSuchMethodError'{0x0000000749764f80}: 'java.lang.Object java.lang.invoke.DirectMethodHandle$Holder.invokeSpecial(java.lang.Object, java.lang.Object, int, java.lang.Object, long)'> (0x0000000749764f80) 
thrown [s\open\src\hotspot\share\interpreter\linkResolver.cpp, line 759]
Event: 76.068 Thread 0x0000015305323b40 Exception <a 'java/lang/NoSuchMethodError'{0x000000074976c418}: 'java.lang.Object java.lang.invoke.DirectMethodHandle$Holder.newInvokeSpecial(java.lang.Object, java.lang.Object, int, java.lang.Object, long)'> (0x000000074976c418) 
thrown [s\open\src\hotspot\share\interpreter\linkResolver.cpp, line 759]
Event: 76.096 Thread 0x000001530531fe80 Exception <a 'java/lang/NoSuchMethodError'{0x000000074973b980}: static Lorg/jetbrains/kotlin/daemon/common/CompileService$CallResult;.<clinit>()V> (0x000000074973b980) 
thrown [s\open\src\hotspot\share\prims\jni.cpp, line 1112]
Event: 76.097 Thread 0x000001530531fe80 Exception <a 'java/lang/NoSuchMethodError'{0x0000000749747788}: static Lorg/jetbrains/kotlin/daemon/common/CompileService$CallResult$Good;.<clinit>()V> (0x0000000749747788) 
thrown [s\open\src\hotspot\share\prims\jni.cpp, line 1112]
Event: 76.099 Thread 0x000001530531fe80 Exception <a 'java/lang/NoSuchMethodError'{0x0000000749754a20}: static Lorg/jetbrains/kotlin/daemon/common/DaemonJVMOptions;.<clinit>()V> (0x0000000749754a20) 
thrown [s\open\src\hotspot\share\prims\jni.cpp, line 1112]
Event: 76.120 Thread 0x000001530531fe80 Exception <a 'java/lang/NoSuchMethodError'{0x00000007497b60a8}: static Lorg/jetbrains/kotlin/daemon/common/CompileService$CallResult$Ok;.<clinit>()V> (0x00000007497b60a8) 
thrown [s\open\src\hotspot\share\prims\jni.cpp, line 1112]
Event: 76.188 Thread 0x000001530531fe80 Exception <a 'java/lang/NoSuchMethodError'{0x00000007492ff0b0}: static [Ljava/lang/Integer;.<clinit>()V> (0x00000007492ff0b0) 
thrown [s\open\src\hotspot\share\prims\jni.cpp, line 1112]
Event: 209.976 Thread 0x0000015345f5b750 Exception <a 'java/lang/NoSuchMethodError'{0x0000000748233620}: static Lorg/gradle/internal/build/event/types/DefaultTaskSuccessResult;.<clinit>()V> (0x0000000748233620) 
thrown [s\open\src\hotspot\share\prims\jni.cpp, line 1112]
Event: 210.333 Thread 0x000001530531ea40 Exception <a 'sun/nio/fs/WindowsException'{0x0000000748587c00}> (0x0000000748587c00) 
thrown [s\open\src\hotspot\share\prims\jni.cpp, line 516]
Event: 210.341 Thread 0x000001530531ea40 Exception <a 'sun/nio/fs/WindowsException'{0x000000074858a270}> (0x000000074858a270) 
thrown [s\open\src\hotspot\share\prims\jni.cpp, line 516]
Event: 210.345 Thread 0x000001530531ea40 Exception <a 'sun/nio/fs/WindowsException'{0x000000074858c628}> (0x000000074858c628) 
thrown [s\open\src\hotspot\share\prims\jni.cpp, line 516]
Event: 210.348 Thread 0x000001530531ea40 Exception <a 'sun/nio/fs/WindowsException'{0x000000074858e630}> (0x000000074858e630) 
thrown [s\open\src\hotspot\share\prims\jni.cpp, line 516]
Event: 210.535 Thread 0x000001530531ea40 Exception <a 'sun/nio/fs/WindowsException'{0x00000007485ac188}> (0x00000007485ac188) 
thrown [s\open\src\hotspot\share\prims\jni.cpp, line 516]
Event: 210.536 Thread 0x000001530531ea40 Exception <a 'sun/nio/fs/WindowsException'{0x00000007485ae460}> (0x00000007485ae460) 
thrown [s\open\src\hotspot\share\prims\jni.cpp, line 516]
Event: 210.539 Thread 0x000001530531ea40 Exception <a 'sun/nio/fs/WindowsException'{0x00000007485b03b0}> (0x00000007485b03b0) 
thrown [s\open\src\hotspot\share\prims\jni.cpp, line 516]
Event: 210.565 Thread 0x000001530531ea40 Implicit null exception at 0x0000015334672786 to 0x00000153346738b4
Event: 219.622 Thread 0x0000015305323b40 Implicit null exception at 0x0000015334453add to 0x0000015334453c58
Event: 219.624 Thread 0x0000015305323b40 Implicit null exception at 0x0000015334308719 to 0x0000015334308eec
Event: 219.762 Thread 0x0000015345f5c170 Implicit null exception at 0x00000153344e6bf8 to 0x00000153344eb0a4

VM Operations (20 events):
Event: 217.220 Executing VM operation: Cleanup done
Event: 218.221 Executing VM operation: Cleanup
Event: 218.221 Executing VM operation: Cleanup done
Event: 219.279 Executing VM operation: G1CollectForAllocation
Event: 219.575 Executing VM operation: G1CollectForAllocation done
Event: 220.576 Executing VM operation: Cleanup
Event: 220.788 Executing VM operation: Cleanup done
Event: 220.931 Executing VM operation: G1Concurrent
Event: 220.953 Executing VM operation: G1Concurrent done
Event: 221.011 Executing VM operation: G1Concurrent
Event: 221.013 Executing VM operation: G1Concurrent done
Event: 223.013 Executing VM operation: Cleanup
Event: 223.014 Executing VM operation: Cleanup done
Event: 225.015 Executing VM operation: Cleanup
Event: 225.015 Executing VM operation: Cleanup done
Event: 227.016 Executing VM operation: Cleanup
Event: 227.016 Executing VM operation: Cleanup done
Event: 228.386 Executing VM operation: G1CollectForAllocation
Event: 228.526 Executing VM operation: G1CollectForAllocation done
Event: 228.802 Executing VM operation: G1CollectForAllocation

Events (20 events):
Event: 214.474 loading class sun/net/ProgressMonitor
Event: 214.486 loading class sun/net/ProgressMonitor done
Event: 214.486 loading class sun/net/DefaultProgressMeteringPolicy
Event: 214.487 loading class sun/net/ProgressMeteringPolicy
Event: 214.488 loading class sun/net/ProgressMeteringPolicy done
Event: 214.488 loading class sun/net/DefaultProgressMeteringPolicy done
Event: 214.785 loading class java/util/concurrent/ConcurrentLinkedQueue$Itr
Event: 214.788 loading class java/util/concurrent/ConcurrentLinkedQueue$Itr done
Event: 216.911 loading class java/util/Collections$ReverseComparator
Event: 216.913 loading class java/util/Collections$ReverseComparator done
Event: 216.914 loading class java/util/Collections$ReverseComparator2
Event: 216.916 loading class java/util/Collections$ReverseComparator2 done
Event: 217.638 Thread 0x0000015305320db0 Thread added: 0x0000015305320db0
Event: 218.687 Thread 0x0000015305324a70 Thread added: 0x0000015305324a70
Event: 219.589 loading class sun/rmi/transport/DGCClient$EndpointEntry$CleanRequest
Event: 219.605 loading class sun/rmi/transport/DGCClient$EndpointEntry$CleanRequest done
Event: 219.729 Thread 0x0000015305323b40 Thread exited: 0x0000015305323b40
Event: 224.031 Thread 0x00000153053259a0 Thread added: 0x00000153053259a0
Event: 227.824 loading class jdk/internal/misc/ScopedMemoryAccess$Scope$Handle
Event: 227.859 loading class jdk/internal/misc/ScopedMemoryAccess$Scope$Handle done


Dynamic libraries:
0x00007ff7236a0000 - 0x00007ff7236b0000 	C:\Program Files\Java\jdk-17\bin\java.exe
0x00007ffd6bb40000 - 0x00007ffd6bda6000 	C:\Windows\SYSTEM32\ntdll.dll
0x00007ffd6ac20000 - 0x00007ffd6ace9000 	C:\Windows\System32\KERNEL32.DLL
0x00007ffd69460000 - 0x00007ffd6985f000 	C:\Windows\System32\KERNELBASE.dll
0x00007ffd69300000 - 0x00007ffd6944c000 	C:\Windows\System32\ucrtbase.dll
0x00007ffd1ee10000 - 0x00007ffd1ee2b000 	C:\Program Files\Java\jdk-17\bin\VCRUNTIME140.dll
0x00007ffd1ee30000 - 0x00007ffd1ee49000 	C:\Program Files\Java\jdk-17\bin\jli.dll
0x00007ffd6b690000 - 0x00007ffd6b74c000 	C:\Windows\System32\ADVAPI32.dll
0x00007ffd6a350000 - 0x00007ffd6a3f9000 	C:\Windows\System32\msvcrt.dll
0x00007ffd6a7a0000 - 0x00007ffd6a84a000 	C:\Windows\System32\sechost.dll
0x00007ffd6a210000 - 0x00007ffd6a328000 	C:\Windows\System32\RPCRT4.dll
0x00007ffd6b8d0000 - 0x00007ffd6ba96000 	C:\Windows\System32\USER32.dll
0x00007ffd68d50000 - 0x00007ffd68d77000 	C:\Windows\System32\win32u.dll
0x00007ffd6ada0000 - 0x00007ffd6adcb000 	C:\Windows\System32\GDI32.dll
0x00007ffd4dbf0000 - 0x00007ffd4de81000 	C:\Windows\WinSxS\amd64_microsoft.windows.common-controls_6595b64144ccf1df_6.0.26100.8972_none_3e0da176e32f9d4b\COMCTL32.dll
0x00007ffd68e40000 - 0x00007ffd68f69000 	C:\Windows\System32\gdi32full.dll
0x00007ffd69250000 - 0x00007ffd692f3000 	C:\Windows\System32\msvcp_win.dll
0x00007ffd50430000 - 0x00007ffd5043b000 	C:\Windows\SYSTEM32\VERSION.dll
0x00007ffd6add0000 - 0x00007ffd6ae02000 	C:\Windows\System32\IMM32.DLL
0x00007ffd56ad0000 - 0x00007ffd56adc000 	C:\Program Files\Java\jdk-17\bin\vcruntime140_1.dll
0x00007ffccf1c0000 - 0x00007ffccf24e000 	C:\Program Files\Java\jdk-17\bin\msvcp140.dll
0x00007ffc6ef50000 - 0x00007ffc6fb30000 	C:\Program Files\Java\jdk-17\bin\server\jvm.dll
0x00007ffd6aaa0000 - 0x00007ffd6aaa8000 	C:\Windows\System32\PSAPI.DLL
0x00007ffd62800000 - 0x00007ffd62836000 	C:\Windows\SYSTEM32\WINMM.dll
0x00007ffd296f0000 - 0x00007ffd296fa000 	C:\Windows\SYSTEM32\WSOCK32.dll
0x00007ffd69880000 - 0x00007ffd69902000 	C:\Windows\System32\WS2_32.dll
0x00007ffd67a40000 - 0x00007ffd67a5b000 	C:\Windows\SYSTEM32\kernel.appcore.dll
0x00007ffd281c0000 - 0x00007ffd281ca000 	C:\Program Files\Java\jdk-17\bin\jimage.dll
0x00007ffd66400000 - 0x00007ffd66642000 	C:\Windows\SYSTEM32\DBGHELP.DLL
0x00007ffd6a410000 - 0x00007ffd6a795000 	C:\Windows\System32\combase.dll
0x00007ffd6b7f0000 - 0x00007ffd6b8c9000 	C:\Windows\System32\OLEAUT32.dll
0x00007ffd56e30000 - 0x00007ffd56e6b000 	C:\Windows\SYSTEM32\dbgcore.DLL
0x00007ffd69100000 - 0x00007ffd691ac000 	C:\Windows\System32\bcryptPrimitives.dll
0x00007ffd261d0000 - 0x00007ffd261de000 	C:\Program Files\Java\jdk-17\bin\instrument.dll
0x00007ffd05590000 - 0x00007ffd055b5000 	C:\Program Files\Java\jdk-17\bin\java.dll
0x00007ffcc7740000 - 0x00007ffcc7817000 	C:\Program Files\Java\jdk-17\bin\jsvml.dll
0x00007ffd6ae90000 - 0x00007ffd6b618000 	C:\Windows\System32\SHELL32.dll
0x00007ffd667d0000 - 0x00007ffd6706b000 	C:\Windows\SYSTEM32\windows.storage.dll
0x00007ffd6a8a0000 - 0x00007ffd6a999000 	C:\Windows\System32\SHCORE.dll
0x00007ffd6b620000 - 0x00007ffd6b686000 	C:\Windows\System32\shlwapi.dll
0x00007ffd68c70000 - 0x00007ffd68c99000 	C:\Windows\SYSTEM32\profapi.dll
0x00007ffd16000000 - 0x00007ffd16018000 	C:\Program Files\Java\jdk-17\bin\zip.dll
0x00007ffd10c70000 - 0x00007ffd10c89000 	C:\Program Files\Java\jdk-17\bin\net.dll
0x00007ffd612b0000 - 0x00007ffd613d8000 	C:\Windows\SYSTEM32\WINHTTP.dll
0x00007ffd67ff0000 - 0x00007ffd6805c000 	C:\Windows\system32\mswsock.dll
0x00007ffd07d80000 - 0x00007ffd07d96000 	C:\Program Files\Java\jdk-17\bin\nio.dll
0x00007ffd56af0000 - 0x00007ffd56b00000 	C:\Program Files\Java\jdk-17\bin\verify.dll
0x00007ffd0be90000 - 0x00007ffd0beb7000 	C:\Users\mmich\.gradle\native\1def1411415f61bf3af743bc5b6707747c0891f09f0c88961ee8f79bc544acac\windows-amd64\native-platform.dll
0x00007ffcd1330000 - 0x00007ffcd13a8000 	C:\Users\mmich\.gradle\native\0.2.7\x86_64-windows-gnu\gradle-fileevents.dll
0x00007ffd56ae0000 - 0x00007ffd56aea000 	C:\Program Files\Java\jdk-17\bin\management.dll
0x00007ffd26180000 - 0x00007ffd2618b000 	C:\Program Files\Java\jdk-17\bin\management_ext.dll
0x00007ffd673c0000 - 0x00007ffd673f3000 	C:\Windows\SYSTEM32\IPHLPAPI.DLL
0x00007ffd69870000 - 0x00007ffd6987a000 	C:\Windows\System32\NSI.dll
0x00007ffd627d0000 - 0x00007ffd627ed000 	C:\Windows\SYSTEM32\dhcpcsvc6.DLL
0x00007ffd627a0000 - 0x00007ffd627c5000 	C:\Windows\SYSTEM32\dhcpcsvc.DLL
0x00007ffd674c0000 - 0x00007ffd67618000 	C:\Windows\SYSTEM32\DNSAPI.dll
0x00007ffd67df0000 - 0x00007ffd67dfd000 	C:\Windows\SYSTEM32\DSPARSE.dll
0x00007ffd682e0000 - 0x00007ffd682fb000 	C:\Windows\SYSTEM32\CRYPTSP.dll
0x00007ffd679a0000 - 0x00007ffd679d9000 	C:\Windows\system32\rsaenh.dll
0x00007ffd680a0000 - 0x00007ffd680d2000 	C:\Windows\SYSTEM32\USERENV.dll
0x00007ffd68c40000 - 0x00007ffd68c6a000 	C:\Windows\SYSTEM32\bcrypt.dll
0x00007ffd68300000 - 0x00007ffd6830c000 	C:\Windows\SYSTEM32\CRYPTBASE.dll
0x00007ffd25f30000 - 0x00007ffd25f3e000 	C:\Program Files\Java\jdk-17\bin\sunmscapi.dll
0x00007ffd68f70000 - 0x00007ffd690ee000 	C:\Windows\System32\CRYPT32.dll
0x00007ffd68520000 - 0x00007ffd68550000 	C:\Windows\SYSTEM32\ncrypt.dll
0x00007ffd684d0000 - 0x00007ffd6850f000 	C:\Windows\SYSTEM32\NTASN1.dll
0x00007ffd41d50000 - 0x00007ffd41d58000 	C:\Windows\system32\wshunix.dll
0x00007ffd25f20000 - 0x00007ffd25f27000 	C:\Program Files\Java\jdk-17\bin\rmi.dll

dbghelp: loaded successfully - version: 4.0.5 - missing functions: none
symbol engine: initialized successfully - sym options: 0x614 - pdb path: .;C:\Program Files\Java\jdk-17\bin;C:\Windows\SYSTEM32;C:\Windows\WinSxS\amd64_microsoft.windows.common-controls_6595b64144ccf1df_6.0.26100.8972_none_3e0da176e32f9d4b;C:\Program Files\Java\jdk-17\bin\server;C:\Users\mmich\.gradle\native\1def1411415f61bf3af743bc5b6707747c0891f09f0c88961ee8f79bc544acac\windows-amd64;C:\Users\mmich\.gradle\native\0.2.7\x86_64-windows-gnu

VM Arguments:
jvm_args: --add-opens=java.base/java.lang=ALL-UNNAMED --add-opens=java.base/java.lang.invoke=ALL-UNNAMED --add-opens=java.base/java.util=ALL-UNNAMED --add-opens=java.prefs/java.util.prefs=ALL-UNNAMED --add-exports=jdk.compiler/com.sun.tools.javac.api=ALL-UNNAMED --add-exports=jdk.compiler/com.sun.tools.javac.util=ALL-UNNAMED --add-opens=java.base/java.util=ALL-UNNAMED --add-opens=java.prefs/java.util.prefs=ALL-UNNAMED --add-opens=java.base/java.nio.charset=ALL-UNNAMED --add-opens=java.base/java.net=ALL-UNNAMED --add-opens=java.base/java.util.concurrent.atomic=ALL-UNNAMED --add-opens=java.xml/javax.xml.namespace=ALL-UNNAMED -XX:MaxMetaspaceSize=1024m -XX:+HeapDumpOnOutOfMemoryError -Xmx3072m -Dfile.encoding=UTF-8 -Duser.country=IN -Duser.language=en -Duser.variant -javaagent:C:\Users\mmich\.gradle\wrapper\dists\gradle-8.14-all\c2qonpi39x1mddn7hk5gh9iqj\gradle-8.14\lib\agents\gradle-instrumentation-agent-8.14.jar 
java_command: org.gradle.launcher.daemon.bootstrap.GradleDaemon 8.14
java_class_path (initial): C:\Users\mmich\.gradle\wrapper\dists\gradle-8.14-all\c2qonpi39x1mddn7hk5gh9iqj\gradle-8.14\lib\gradle-daemon-main-8.14.jar
Launcher Type: SUN_STANDARD

[Global flags]
     intx CICompilerCount                          = 4                                         {product} {ergonomic}
   size_t CompressedClassSpaceSize                 = 872415232                                 {product} {ergonomic}
     uint ConcGCThreads                            = 3                                         {product} {ergonomic}
     uint G1ConcRefinementThreads                  = 10                                        {product} {ergonomic}
   size_t G1HeapRegionSize                         = 2097152                                   {product} {ergonomic}
    uintx GCDrainStackTargetSize                   = 64                                        {product} {ergonomic}
     bool HeapDumpOnOutOfMemoryError               = true                                   {manageable} {command line}
   size_t InitialHeapSize                          = 130023424                                 {product} {ergonomic}
   size_t MarkStackSize                            = 4194304                                   {product} {ergonomic}
   size_t MaxHeapSize                              = 3221225472                                {product} {command line}
   size_t MaxMetaspaceSize                         = 1073741824                                {product} {command line}
   size_t MaxNewSize                               = 1931476992                                {product} {ergonomic}
   size_t MinHeapDeltaBytes                        = 2097152                                   {product} {ergonomic}
   size_t MinHeapSize                              = 8388608                                   {product} {ergonomic}
    uintx NonNMethodCodeHeapSize                   = 5839372                                {pd product} {ergonomic}
    uintx NonProfiledCodeHeapSize                  = 122909434                              {pd product} {ergonomic}
    uintx ProfiledCodeHeapSize                     = 122909434                              {pd product} {ergonomic}
    uintx ReservedCodeCacheSize                    = 251658240                              {pd product} {ergonomic}
     bool SegmentedCodeCache                       = true                                      {product} {ergonomic}
   size_t SoftMaxHeapSize                          = 3221225472                             {manageable} {ergonomic}
     bool UseCompressedClassPointers               = true                           {product lp64_product} {ergonomic}
     bool UseCompressedOops                        = true                           {product lp64_product} {ergonomic}
     bool UseG1GC                                  = true                                      {product} {ergonomic}
     bool UseLargePagesIndividualAllocation        = false                                  {pd product} {ergonomic}

Logging:
Log output configuration:
 #0: stdout all=warning uptime,level,tags
 #1: stderr all=off uptime,level,tags

Environment Variables:
PATH=C:\Program Files\Common Files\Oracle\Java\javapath;C:\Python313\Scripts\;C:\Python313\;C:\Windows\system32;C:\Windows;C:\Windows\System32\Wbem;C:\Windows\System32\WindowsPowerShell\v1.0\;C:\Windows\System32\OpenSSH\;C:\Program Files\dotnet\;C:\Program Files\nodejs\;C:\ProgramData\chocolatey\bin;C:\Program Files\Git\cmd;C:\Program Files\Java\jdk-17\bin;C:\Program Files (x86)\Microsoft SQL Server\160\Tools\Binn\;C:\Program Files\Microsoft SQL Server\160\Tools\Binn\;C:\Program Files\Microsoft SQL Server\Client SDK\ODBC\170\Tools\Binn\;C:\Program Files\Microsoft SQL Server\160\DTS\Binn\;C:\Program Files (x86)\Microsoft SQL Server\160\DTS\Binn\;C:\Program Files\Microsoft SQL Server\150\Tools\Binn\;C:\Program Files (x86)\Windows Kits\10\Windows Performance Toolkit\;C:\Users\mmich\AppData\Local\Microsoft\WindowsApps;C:\Users\mmich\AppData\Local\Programs\Microsoft VS Code\bin;C:\Users\mmich\AppData\Roaming\npm;C:\xampp\php;C:\Users\mmich\AppData\Local\ComposerSetup\bin;C:\Users\mmich\AppData\Roaming\Composer\vendor\bin;C:\Users\mmich\.dotnet\tools;C:\Development\flutter\bin;C:\Program Files\apache-maven-3.9.16\bin
USERNAME=mmich
OS=Windows_NT
PROCESSOR_IDENTIFIER=Intel64 Family 6 Model 186 Stepping 3, GenuineIntel



---------------  S Y S T E M  ---------------

OS:
 Windows 11 , 64 bit Build 26100 (10.0.26100.9168)
OS uptime: 0 days 5:22 hours
Hyper-V role detected

CPU: total 12 (initial active 12) (6 cores per cpu, 2 threads per core) family 6 model 186 stepping 3 microcode 0x6134, cx8, cmov, fxsr, ht, mmx, 3dnowpref, sse, sse2, sse3, ssse3, sse4.1, sse4.2, popcnt, lzcnt, tsc, tscinvbit, avx, avx2, aes, erms, clmul, bmi1, bmi2, adx, sha, fma, vzeroupper, clflush, clflushopt, clwb, hv

Memory: 4k page, system-wide physical 7876M (591M free)
TotalPageFile size 32452M (AvailPageFile size 100M)
current process WorkingSet (physical memory assigned to process): 5M, peak: 333M
current process commit charge ("private bytes"): 417M, peak: 449M

vm_info: Java HotSpot(TM) 64-Bit Server VM (17.0.12+8-LTS-286) for windows-amd64 JRE (17.0.12+8-LTS-286), built on Jun  5 2024 06:46:59 by "mach5one" with MS VC++ 17.6 (VS2022)

END.
